RAM Allocation [bytes]
Variable                                                                          Address   Size
------------------------------------------------------------------------------------------------
set_voltage                                                                       0x054B       4
set_current                                                                       0x054F       4
actual_voltage                                                                    0x0553       2
actual_btcurrentdp                                                                0x0555       2
actual_btcurrentip                                                                0x0557       2
actual_ipvoltage                                                                  0x0559       2
actual_opcurrentdp                                                                0x055B       2
actual_opcurrentip                                                                0x055D       2
set_flag                                                                          0x055F       2
flag                                                                              0x0561       2
n                                                                                 0x0563       2
main_screen_trigger                                                               0x0565       2
ms_update_flag                                                                    0x0567       2
current_mainscreen_flag                                                           0x0569       2
status                                                                            0x056B       2
fault_flag                                                                        0x056D       2
fltArray                                                                          0x056F       9
disp_volt                                                                         0x0578       3
disp_current                                                                      0x057B       3
disp_set_voltage                                                                  0x057E       3
disp_set_btcurrent                                                                0x0581       4
disp_actual_voltage                                                               0x0585       3
disp_actual_btcurrent                                                             0x0588       4
disp_actual_ipvoltage                                                             0x058C       3
disp_actual_opcurrent                                                             0x058F       4
xmitMsg                                                                           0x0593       2
rdataA                                                                            0x0595      20
comStart                                                                          0x05A9       2
i                                                                                 0x05AB       2
rx_buffer0                                                                        0x05AD      32
rx_wr_index0                                                                      0x05CD       1
rx_rd_index0                                                                      0x05CE       1
rx_counter0                                                                       0x05CF       1
tx_buffer0                                                                        0x05D0      64
tx_wr_index0                                                                      0x0610       1
tx_rd_index0                                                                      0x0611       1
tx_counter0                                                                       0x0612       1
on_pressed                                                                        0x0613       2
off_pressed                                                                       0x0615       2
reset_pressed                                                                     0x0617       2
on_button_state                                                                   0x0619       2
off_button_state                                                                  0x061B       2
reset_button_state                                                                0x061D       2
_seed                                                                             0x061F       4
_base_y                                                                           0x0623       4
_lcd_x                                                                            0x0627       1
_lcd_y                                                                            0x0628       1
_lcd_maxx                                                                         0x0629       1

EEPROM Allocation [bytes]
Variable                                                                          Address   Size
------------------------------------------------------------------------------------------------

Register Allocation
Variable                                                                          Register  Size
------------------------------------------------------------------------------------------------
Screen                                                                            R4,R5        2
Current_Screen                                                                    R6,R7        2
Pointer_horiz                                                                     R8,R9        2
Pointer_vert                                                                      R10,R11      2
Pt                                                                                R12,R13      2
rx_buffer_overflow0                                                               R2.0      1bit

FLASH Allocation [words]
Function                                                                          Address   Size
------------------------------------------------------------------------------------------------
xmitString                                                                        0x00173     19
xmitStringnf                                                                      0x00186     24
noOp                                                                              0x0019E      1
resetFault                                                                        0x001A5     12
txSetVoltage                                                                      0x001B1     11
txSetCurrent                                                                      0x001BC     11
rxmainOn                                                                          0x001C7     10
rxmainOff                                                                         0x001D1      9
rxresetFault                                                                      0x001DA      6
rxfaultDetect                                                                     0x001E0     64
rxreadOutputVolt                                                                  0x00220      9
rxreadBatteryAmp                                                                  0x00229     11
rxreadInputVolt                                                                   0x00234      9
rxreadOutputCurrent                                                               0x0023D     14
comDecode                                                                         0x0024B    197
usart0_rx_isr                                                                     0x00310    111
usart0_tx_isr                                                                     0x0037F     36
putchar                                                                           0x003A3     41
timer3_ovf_isr                                                                    0x003CC    103
pointer_display_horiz                                                             0x00433     18
pointer_display_vert                                                              0x00445     25
show_volt                                                                         0x0045E      9
show_current                                                                      0x00467     13
input                                                                             0x00474    108
input_volt                                                                        0x004E0    139
input_current                                                                     0x0056B    136
Screen1                                                                           0x005F3     29
Screen2                                                                           0x00610     22
Screen30                                                                          0x00626     32
Screen300                                                                         0x00646     25
Screen301                                                                         0x0065F     26
Main_Screen                                                                       0x00679     62
Screen_sel                                                                        0x006B7     31
machine_state                                                                     0x006D6     53
main                                                                              0x0070B    310
put_buff_G100                                                                     0x00841     58
_print_G100                                                                       0x0087B    308
sprintf                                                                           0x009AF     52
ftrunc                                                                            0x009E3     49
floor                                                                             0x00A14     19
log                                                                               0x00A27    134
exp                                                                               0x00AAD    154
pow                                                                               0x00B47     82
strlen                                                                            0x00B99     12
strlenf                                                                           0x00BA5     13
_lcd_write_nibble_G104                                                            0x00BB2     20
_lcd_write_data                                                                   0x00BC6     13
lcd_gotoxy                                                                        0x00BD3     17
lcd_clear                                                                         0x00BE4     14
lcd_putchar                                                                       0x00BF2     32
lcd_puts                                                                          0x00C12     15
lcd_putsf                                                                         0x00C21     19
lcd_init                                                                          0x00C34     47
