RAM Allocation [bytes]
Variable                                                                          Address   Size
------------------------------------------------------------------------------------------------
set_voltage                                                                       0x054B       4
set_current                                                                       0x054F       4
actual_voltage                                                                    0x0553       2
actual_btcurrent                                                                  0x0555       2
actual_ipvoltage                                                                  0x0557       2
actual_opcurrent                                                                  0x0559       2
set_flag                                                                          0x055B       2
flag                                                                              0x055D       2
n                                                                                 0x055F       2
main_screen_trigger                                                               0x0561       2
ms_update_flag                                                                    0x0563       2
current_mainscreen_flag                                                           0x0565       2
status                                                                            0x0567       2
fault_flag                                                                        0x0569       2
fltArray                                                                          0x056B       9
disp_volt                                                                         0x0574       3
disp_current                                                                      0x0577       3
disp_set_voltage                                                                  0x057A       3
disp_set_btcurrent                                                                0x057D       4
disp_actual_voltage                                                               0x0581       3
disp_actual_btcurrent                                                             0x0584       4
disp_actual_ipvoltage                                                             0x0588       3
disp_actual_opcurrent                                                             0x058B       4
xmitMsg                                                                           0x058F       2
rdataA                                                                            0x0591      20
comStart                                                                          0x05A5       2
i                                                                                 0x05A7       2
rx_buffer0                                                                        0x05A9      32
rx_wr_index0                                                                      0x05C9       1
rx_rd_index0                                                                      0x05CA       1
rx_counter0                                                                       0x05CB       1
tx_buffer0                                                                        0x05CC      64
tx_wr_index0                                                                      0x060C       1
tx_rd_index0                                                                      0x060D       1
tx_counter0                                                                       0x060E       1
on_pressed                                                                        0x060F       2
off_pressed                                                                       0x0611       2
reset_pressed                                                                     0x0613       2
on_button_state                                                                   0x0615       2
off_button_state                                                                  0x0617       2
reset_button_state                                                                0x0619       2
_seed                                                                             0x061B       4
_base_y                                                                           0x061F       4
_lcd_x                                                                            0x0623       1
_lcd_y                                                                            0x0624       1
_lcd_maxx                                                                         0x0625       1

EEPROM Allocation [bytes]
Variable                                                                          Address   Size
------------------------------------------------------------------------------------------------

Register Allocation
Variable                                                                          Register  Size
------------------------------------------------------------------------------------------------
Screen                                                                            R4,R5        2
Current_Screen                                                                    R6,R7        2
Pointer_horiz                                                                     R8,R9        2
Pointer_vert                                                                      R10,R11      2
Pt                                                                                R12,R13      2
rx_buffer_overflow0                                                               R2.0      1bit

FLASH Allocation [words]
Function                                                                          Address   Size
------------------------------------------------------------------------------------------------
xmitString                                                                        0x0017B     19
xmitStringnf                                                                      0x0018E     24
noOp                                                                              0x001A6      1
resetFault                                                                        0x001AD     12
txSetCurrent                                                                      0x001C2     19
rxmainOn                                                                          0x001D5     10
rxmainOff                                                                         0x001DF      9
rxresetFault                                                                      0x001E8      6
rxfaultDetect                                                                     0x001EE     65
rxreadOutputVolt                                                                  0x0022F      7
rxreadBatteryAmp                                                                  0x00236      7
rxreadInputVolt                                                                   0x0023D      7
rxreadOutputCurrent                                                               0x00244      7
comDecode                                                                         0x0024B    201
usart0_rx_isr                                                                     0x00314    111
usart0_tx_isr                                                                     0x00383     36
putchar                                                                           0x003A7     41
timer3_ovf_isr                                                                    0x003D0    103
pointer_display_horiz                                                             0x00437     18
pointer_display_vert                                                              0x00449     25
show_volt                                                                         0x00462      9
show_current                                                                      0x0046B     13
input                                                                             0x00478    108
input_volt                                                                        0x004E4    139
input_current                                                                     0x0056F    136
Screen1                                                                           0x005F7     29
Screen2                                                                           0x00614     22
Screen30                                                                          0x0062A     32
Screen300                                                                         0x0064A     25
Screen301                                                                         0x00663     26
Main_Screen                                                                       0x0067D     62
Screen_sel                                                                        0x006BB     31
machine_state                                                                     0x006DA     53
main                                                                              0x0070F    290
put_buff_G100                                                                     0x00831     58
_print_G100                                                                       0x0086B    308
sprintf                                                                           0x0099F     52
ftrunc                                                                            0x009D3     49
floor                                                                             0x00A04     19
log                                                                               0x00A17    134
exp                                                                               0x00A9D    154
pow                                                                               0x00B37     82
strlen                                                                            0x00B89     12
strlenf                                                                           0x00B95     13
_lcd_write_nibble_G104                                                            0x00BA2     20
_lcd_write_data                                                                   0x00BB6     13
lcd_gotoxy                                                                        0x00BC3     17
lcd_clear                                                                         0x00BD4     14
lcd_putchar                                                                       0x00BE2     32
lcd_puts                                                                          0x00C02     15
lcd_putsf                                                                         0x00C11     19
lcd_init                                                                          0x00C24     47
