RAM Allocation
Variable                                                          Address   Size
--------------------------------------------------------------------------------
Pt                                                                0x054F       2
voltage                                                           0x0551       4
current                                                           0x0555       4
flag                                                              0x0559       2
disp_volt                                                         0x055B       3
disp_current                                                      0x055E       3
_seed                                                             0x0561       4
_base_y                                                           0x0565       4
_lcd_x                                                            0x0569       1
_lcd_y                                                            0x056A       1
_lcd_maxx                                                         0x056B       1

EEPROM Allocation
Variable                                                          Address   Size
--------------------------------------------------------------------------------

Register Allocation
Variable                                                          Register  Size
--------------------------------------------------------------------------------
on_button_state                                                   R4,R5        2
off_button_state                                                  R6,R7        2
Screen                                                            R8,R9        2
Pointer_horiz                                                     R10,R11      2
Pointer_vert                                                      R12,R13      2
