RAM Allocation
Variable                                                          Address   Size
--------------------------------------------------------------------------------
rdataA                                                            0x0500      20
i                                                                 0x0514       2
rx_buffer0                                                        0x0516      64
rx_wr_index0                                                      0x0556       1
rx_rd_index0                                                      0x0557       1
rx_counter0                                                       0x0558       1
on_pressed                                                        0x0559       2
off_pressed                                                       0x055B       2
data_received                                                     0x055D       2
reset_pressed                                                     0x055F       2
tx_buffer0                                                        0x0561      64
tx_wr_index0                                                      0x05A1       1
tx_rd_index0                                                      0x05A2       1
tx_counter0                                                       0x05A3       1
on_button_state                                                   0x05A4       2
off_button_state                                                  0x05A6       2
reset_button_state                                                0x05A8       2
_seed                                                             0x05AA       4

EEPROM Allocation
Variable                                                          Address   Size
--------------------------------------------------------------------------------

Register Allocation
Variable                                                          Register  Size
--------------------------------------------------------------------------------
msg                                                               R4,R5        2
xmitMsg                                                           R6,R7        2
rec                                                               R8,R9        2
rdata                                                             R10,R11      2
comStart                                                          R12,R13      2
rx_buffer_overflow0                                               R2.0      1bit
