RAM Allocation
Variable                                                          Address   Size
--------------------------------------------------------------------------------
yy1                                                               0x0567       1
yy2                                                               0x0568       1
disptime1                                                         0x0569      16
dispdate1                                                         0x0579      16
Screen                                                            0x0589       2
Pointer_horiz                                                     0x058B       2
Pointer_vert                                                      0x058D       2
Pt                                                                0x058F       2
temp_pass                                                         0x0591       4
voltage                                                           0x0595       4
current                                                           0x0599       4
flag                                                              0x059D       2
disp_pass                                                         0x059F       4
disp_volt                                                         0x05A3       3
disp_current                                                      0x05A6       3
rtc_setter                                                        0x05A9       2
_seed                                                             0x05AB       4
_base_y                                                           0x05AF       4
_lcd_x                                                            0x05B3       1
_lcd_y                                                            0x05B4       1
_lcd_maxx                                                         0x05B5       1

EEPROM Allocation
Variable                                                          Address   Size
--------------------------------------------------------------------------------
password                                                          0x0000       2

Register Allocation
Variable                                                          Register  Size
--------------------------------------------------------------------------------
hr1                                                               R5           1
hr2                                                               R4           1
min1                                                              R7           1
min2                                                              R6           1
sec1                                                              R9           1
sec2                                                              R8           1
dd1                                                               R11          1
dd2                                                               R10          1
mm1                                                               R13          1
mm2                                                               R12          1
