******************************************************************************
             TMS320C2000 Linker PC v18.12.4                    
******************************************************************************
>> Linked Mon Jan 27 12:28:19 2020

OUTPUT FILE NAME:   <Battery_Charger.out>
ENTRY POINT SYMBOL: "_c_int00"  address: 003f5d95


MEMORY CONFIGURATION

         name            origin    length      used     unused   attr    fill
----------------------  --------  ---------  --------  --------  ----  --------
PAGE 0:
  RAML0                 00008000   00000800  0000001f  000007e1  RWIX
  RAML1                 00008800   00000400  00000000  00000400  RWIX
  OTP                   003d7800   00000400  00000000  00000400  RWIX
  FLASHH                003d8000   00004000  00000000  00004000  RWIX
  FLASHG                003dc000   00004000  00000000  00004000  RWIX
  FLASHF                003e0000   00004000  00000000  00004000  RWIX
  FLASHE                003e4000   00004000  00000000  00004000  RWIX
  FLASHD                003e8000   00004000  0000001f  00003fe1  RWIX
  FLASHC                003ec000   00004000  00000000  00004000  RWIX
  FLASHA                003f4000   00003f80  00002582  000019fe  RWIX
  CSM_RSVD              003f7f80   00000076  00000076  00000000  RWIX
  BEGIN                 003f7ff6   00000002  00000002  00000000  RWIX
  CSM_PWL_P0            003f7ff8   00000008  00000008  00000000  RWIX
  FPUTABLES             003fd590   000006a0  00000000  000006a0  RWIX
  IQTABLES              003fdf00   00000b50  00000000  00000b50  RWIX
  IQTABLES2             003fea50   0000008c  00000000  0000008c  RWIX
  IQTABLES3             003feadc   000000aa  00000000  000000aa  RWIX
  ROM                   003ff3b0   00000c10  00000000  00000c10  RWIX
  RESET                 003fffc0   00000002  00000000  00000002  RWIX
  VECTORS               003fffc2   0000003e  00000000  0000003e  RWIX

PAGE 1:
  BOOT_RSVD             00000000   00000050  00000000  00000050  RWIX
  RAMM0                 00000050   000003b0  00000300  000000b0  RWIX
  RAMM1                 00000400   00000400  00000000  00000400  RWIX
  DEV_EMU               00000880   00000105  00000004  00000101  RWIX
  SYS_PWR_CTL           00000985   00000003  00000003  00000000  RWIX
  FLASH_REGS            00000a80   00000060  00000008  00000058  RWIX
  CSM                   00000ae0   00000020  00000010  00000010  RWIX
  ADC_RESULT            00000b00   00000020  00000010  00000010  RWIX
  CPU_TIMER0            00000c00   00000008  00000008  00000000  RWIX
  CPU_TIMER1            00000c08   00000008  00000008  00000000  RWIX
  CPU_TIMER2            00000c10   00000008  00000008  00000000  RWIX
  PIE_CTRL              00000ce0   00000020  0000001a  00000006  RWIX
  PIE_VECT              00000d00   00000100  00000100  00000000  RWIX
  DMA                   00001000   00000200  000000e0  00000120  RWIX
  CLA1                  00001400   00000080  00000040  00000040  RWIX
  USB0                  00004000   00001000  00000454  00000bac  RWIX
  McBSPA                00005000   00000040  00000024  0000001c  RWIX
  ECANA                 00006000   00000040  00000034  0000000c  RWIX
  ECANA_LAM             00006040   00000040  00000040  00000000  RWIX
  ECANA_MOTS            00006080   00000040  00000040  00000000  RWIX
  ECANA_MOTO            000060c0   00000040  00000040  00000000  RWIX
  ECANA_MBOX            00006100   00000100  00000100  00000000  RWIX
  COMP1                 00006400   00000020  00000014  0000000c  RWIX
  COMP2                 00006420   00000020  00000014  0000000c  RWIX
  COMP3                 00006440   00000020  00000014  0000000c  RWIX
  EPWM1                 00006800   00000040  00000040  00000000  RWIX
  EPWM2                 00006840   00000040  00000040  00000000  RWIX
  EPWM3                 00006880   00000040  00000040  00000000  RWIX
  EPWM4                 000068c0   00000040  00000040  00000000  RWIX
  EPWM5                 00006900   00000040  00000040  00000000  RWIX
  EPWM6                 00006940   00000040  00000040  00000000  RWIX
  EPWM7                 00006980   00000040  00000040  00000000  RWIX
  EPWM8                 000069c0   00000040  00000040  00000000  RWIX
  ECAP1                 00006a00   00000020  00000020  00000000  RWIX
  ECAP2                 00006a20   00000020  00000020  00000000  RWIX
  ECAP3                 00006a40   00000020  00000020  00000000  RWIX
  HRCAP1                00006ac0   00000020  00000020  00000000  RWIX
  HRCAP2                00006ae0   00000020  00000020  00000000  RWIX
  EQEP1                 00006b00   00000040  00000022  0000001e  RWIX
  EQEP2                 00006b40   00000040  00000022  0000001e  RWIX
  HRCAP3                00006c80   00000020  00000020  00000000  RWIX
  HRCAP4                00006ca0   00000020  00000020  00000000  RWIX
  GPIOCTRL              00006f80   00000040  00000040  00000000  RWIX
  GPIODAT               00006fc0   00000020  00000020  00000000  RWIX
  GPIOINT               00006fe0   00000020  00000020  00000000  RWIX
  SYSTEM                00007010   00000030  00000030  00000000  RWIX
  SPIA                  00007040   00000010  00000010  00000000  RWIX
  SCIA                  00007050   00000010  00000010  00000000  RWIX
  NMIINTRUPT            00007060   00000010  00000010  00000000  RWIX
  XINTRUPT              00007070   00000010  00000010  00000000  RWIX
  ADC                   00007100   00000080  00000050  00000030  RWIX
  SPIB                  00007740   00000010  00000010  00000000  RWIX
  SCIB                  00007750   00000010  00000010  00000000  RWIX
  I2CA                  00007900   00000040  00000022  0000001e  RWIX
  RAML2                 00008c00   00000400  00000000  00000400  RWIX
  RAML3                 00009000   00001000  00000000  00001000  RWIX
  RAML4                 0000a000   00002000  00000132  00001ece  RWIX
  RAML5                 0000c000   00002000  00000000  00002000  RWIX
  RAML6                 0000e000   00002000  00000000  00002000  RWIX
  RAML7                 00010000   00002000  00000000  00002000  RWIX
  RAML8                 00012000   00002000  00000000  00002000  RWIX
  USB_RAM               00040000   00000800  00000000  00000800  RWIX
  PARTID                003d7e80   00000001  00000001  00000000  RWIX
  FLASHB                003f0000   00004000  00000000  00004000  RWIX
  CSM_PWL               003f7ff8   00000008  00000008  00000000  RWIX


SECTION ALLOCATION MAP

 output                                  attributes/
section   page    origin      length       input sections
--------  ----  ----------  ----------   ----------------
.cinit     0    003f64c5    000000bd     
                  003f64c5    0000003c     main.obj (.cinit)
                  003f6501    00000031     PID.obj (.cinit)
                  003f6532    0000000f     commands.obj (.cinit:_func)
                  003f6541    0000000e     rts2800_fpu32.lib : exit.c.obj (.cinit)
                  003f654f    0000000d     adc.obj (.cinit:_num)
                  003f655c    00000008     Serial.obj (.cinit)
                  003f6564    00000005     Scheduler_timer0_ISR.obj (.cinit)
                  003f6569    00000005     rts2800_fpu32.lib : _lock.c.obj (.cinit:__lock)
                  003f656e    00000005                       : _lock.c.obj (.cinit:__unlock)
                  003f6573    00000005     commands.obj (.cinit)
                  003f6578    00000004     pwm.obj (.cinit)
                  003f657c    00000004     rts2800_fpu32.lib : errno.c.obj (.cinit)
                  003f6580    00000002     --HOLE-- [fill = 0]

.pinit     0    003f4000    00000000     UNINITIALIZED

ramfuncs   0    003e8000    0000001f     RUN ADDR = 00008000
                  003e8000    0000001b     F2806x_SysCtrl.obj (ramfuncs)
                  003e801b    00000004     F2806x_usDelay.obj (ramfuncs)

.text      0    003f4000    0000221c     
                  003f4000    00000ce3     rts2800_fpu32.lib : _printfi.c.obj (.text)
                  003f4ce3    0000039b     F2806x_DefaultIsr.obj (.text:retain)
                  003f507e    0000023a     F2806x_Adc.obj (.text)
                  003f52b8    00000192     F2806x_SysCtrl.obj (.text)
                  003f544a    00000121     adc.obj (.text)
                  003f556b    00000107     rts2800_fpu32.lib : ll_div28.asm.obj (.text)
                  003f5672    000000f4     PID.obj (.text)
                  003f5766    000000ae     rts2800_fpu32.lib : s_scalbn.c.obj (.text)
                  003f5814    000000ad     Scheduler_timer0_ISR.obj (.text:retain)
                  003f58c1    0000009c     rts2800_fpu32.lib : fd_add28.asm.obj (.text)
                  003f595d    0000008c     pwm.obj (.text)
                  003f59e9    0000008b     rts2800_fpu32.lib : fd_div28.asm.obj (.text)
                  003f5a74    00000088                       : fs_div28.asm.obj (.text)
                  003f5afc    00000083                       : fd_mpy28.asm.obj (.text)
                  003f5b7f    00000082     commands.obj (.text)
                  003f5c01    00000076     F2806x_CpuTimers.obj (.text)
                  003f5c77    0000006c     Serial.obj (.text)
                  003f5ce3    0000005a     rts2800_fpu32.lib : s_frexp.c.obj (.text)
                  003f5d3d    00000058     Serial.obj (.text:retain)
                  003f5d95    00000056     rts2800_fpu32.lib : boot28.asm.obj (.text)
                  003f5deb    00000053     gpio.obj (.text)
                  003f5e3e    0000003d     Scheduler_timer0_ISR.obj (.text)
                  003f5e7b    00000039     main.obj (.text)
                  003f5eb4    00000032     rts2800_fpu32.lib : sprintf.c.obj (.text)
                  003f5ee6    00000031                       : atoi.c.obj (.text)
                  003f5f17    00000030     F2806x_Sci.obj (.text)
                  003f5f47    00000030     rts2800_fpu32.lib : ltoa.c.obj (.text)
                  003f5f77    0000002a                       : fd_cmp28.asm.obj (.text)
                  003f5fa1    0000002a                       : l_div28.asm.obj (.text)
                  003f5fcb    00000029                       : exit.c.obj (.text)
                  003f5ff4    00000028     F2806x_PieCtrl.obj (.text)
                  003f601c    00000026     F2806x_PieVect.obj (.text)
                  003f6042    00000025     rts2800_fpu32.lib : s_copysign.c.obj (.text)
                  003f6067    00000024                       : cpy_tbl.c.obj (.text)
                  003f608b    00000022                       : i_div28.asm.obj (.text)
                  003f60ad    00000021                       : fd_toi28.asm.obj (.text)
                  003f60ce    0000001f                       : fd_tol28.asm.obj (.text)
                  003f60ed    0000001e                       : ll_cmp28.asm.obj (.text)
                  003f610b    0000001d                       : i_tofd28.asm.obj (.text)
                  003f6128    0000001d                       : memcpy.c.obj (.text)
                  003f6145    0000001c                       : fs_tofdfpu32.asm.obj (.text)
                  003f6161    0000001c                       : l_tofd28.asm.obj (.text)
                  003f617d    00000019                       : args_main.c.obj (.text)
                  003f6196    00000018                       : ll_aox28.asm.obj (.text)
                  003f61ae    0000000e                       : fd_sub28.asm.obj (.text)
                  003f61bc    0000000d     FLASH.obj (.text)
                  003f61c9    0000000d     rts2800_fpu32.lib : memccpy.c.obj (.text)
                  003f61d6    0000000c                       : strchr.c.obj (.text)
                  003f61e2    00000009                       : _lock.c.obj (.text)
                  003f61eb    00000009                       : fd_neg28.asm.obj (.text)
                  003f61f4    00000009                       : wcslen.c.obj (.text)
                  003f61fd    00000008     F2806x_CodeStartBranch.obj (.text)
                  003f6205    00000008     rts2800_fpu32.lib : strlen.c.obj (.text)
                  003f620d    00000007                       : memset.c.obj (.text)
                  003f6214    00000005                       : strcpy.c.obj (.text)
                  003f6219    00000002                       : pre_init.c.obj (.text)
                  003f621b    00000001                       : startup.c.obj (.text)

csm_rsvd   0    003f7f80    00000076     
                  003f7f80    00000076     F2806x_CSMPasswords.obj (csm_rsvd)

codestart 
*          0    003f7ff6    00000002     
                  003f7ff6    00000002     F2806x_CodeStartBranch.obj (codestart)

csmpasswds 
*          0    003f7ff8    00000008     
                  003f7ff8    00000008     F2806x_CSMPasswords.obj (csmpasswds)

.stack     1    00000050    00000300     UNINITIALIZED
                  00000050    00000300     --HOLE--

.ebss      1    0000a000    00000132     UNINITIALIZED
                  0000a000    000000c8     commands.obj (.ebss:_func)
                  0000a0c8    00000018     F2806x_CpuTimers.obj (.ebss)
                  0000a0e0    00000016     main.obj (.ebss)
                  0000a0f6    0000000a     adc.obj (.ebss:_num)
                  0000a100    00000010     PID.obj (.ebss)
                  0000a110    00000006     Scheduler_timer0_ISR.obj (.ebss)
                  0000a116    00000006     rts2800_fpu32.lib : exit.c.obj (.ebss)
                  0000a11c    00000005     Serial.obj (.ebss:_rdataA)
                  0000a121    00000005     Serial.obj (.ebss:_sdataA)
                  0000a126    00000003     Serial.obj (.ebss)
                  0000a129    00000001     adc.obj (.ebss)
                  0000a12a    00000002     rts2800_fpu32.lib : _lock.c.obj (.ebss:__lock)
                  0000a12c    00000002                       : _lock.c.obj (.ebss:__unlock)
                  0000a12e    00000002     commands.obj (.ebss)
                  0000a130    00000001     pwm.obj (.ebss)
                  0000a131    00000001     rts2800_fpu32.lib : errno.c.obj (.ebss)

.econst    0    003f621c    000002a9     
                  003f621c    00000101     rts2800_fpu32.lib : ctype.c.obj (.econst:.string:__ctypes_)
                  003f631d    00000001     --HOLE-- [fill = 0]
                  003f631e    00000100     F2806x_PieVect.obj (.econst:_PieVectTableInit)
                  003f641e    0000003d     commands.obj (.econst:.string)
                  003f645b    00000001     --HOLE-- [fill = 0]
                  003f645c    00000026     rts2800_fpu32.lib : _printfi.c.obj (.econst:.string)
                  003f6482    0000001c                       : _printfi.c.obj (.econst)
                  003f649e    0000001c                       : s_scalbn.c.obj (.econst)
                  003f64ba    00000008                       : s_frexp.c.obj (.econst)
                  003f64c2    00000003     commands.obj (.econst:.string:_$P$T0$1)

.reset     0    003fffc0    00000002     DSECT
                  003fffc0    00000002     rts2800_fpu32.lib : boot28.asm.obj (.reset)

vectors    0    003fffc2    00000000     DSECT

DevEmuRegsFile 
*          1    00000880    00000004     UNINITIALIZED
                  00000880    00000004     F2806x_GlobalVariableDefs.obj (DevEmuRegsFile)

SysPwrCtrlRegsFile 
*          1    00000985    00000003     UNINITIALIZED
                  00000985    00000003     F2806x_GlobalVariableDefs.obj (SysPwrCtrlRegsFile)

FlashRegsFile 
*          1    00000a80    00000008     UNINITIALIZED
                  00000a80    00000008     F2806x_GlobalVariableDefs.obj (FlashRegsFile)

CsmRegsFile 
*          1    00000ae0    00000010     UNINITIALIZED
                  00000ae0    00000010     F2806x_GlobalVariableDefs.obj (CsmRegsFile)

AdcResultFile 
*          1    00000b00    00000010     UNINITIALIZED
                  00000b00    00000010     F2806x_GlobalVariableDefs.obj (AdcResultFile)

CpuTimer0RegsFile 
*          1    00000c00    00000008     UNINITIALIZED
                  00000c00    00000008     F2806x_GlobalVariableDefs.obj (CpuTimer0RegsFile)

CpuTimer1RegsFile 
*          1    00000c08    00000008     UNINITIALIZED
                  00000c08    00000008     F2806x_GlobalVariableDefs.obj (CpuTimer1RegsFile)

CpuTimer2RegsFile 
*          1    00000c10    00000008     UNINITIALIZED
                  00000c10    00000008     F2806x_GlobalVariableDefs.obj (CpuTimer2RegsFile)

PieCtrlRegsFile 
*          1    00000ce0    0000001a     UNINITIALIZED
                  00000ce0    0000001a     F2806x_GlobalVariableDefs.obj (PieCtrlRegsFile)

PieVectTableFile 
*          1    00000d00    00000100     UNINITIALIZED
                  00000d00    00000100     F2806x_GlobalVariableDefs.obj (PieVectTableFile)

EmuKeyVar 
*          1    00000d00    00000001     UNINITIALIZED
                  00000d00    00000001     F2806x_GlobalVariableDefs.obj (EmuKeyVar)

EmuBModeVar 
*          1    00000d01    00000001     UNINITIALIZED
                  00000d01    00000001     F2806x_GlobalVariableDefs.obj (EmuBModeVar)

FlashCallbackVar 
*          1    00000d02    00000002     UNINITIALIZED
                  00000d02    00000002     F2806x_GlobalVariableDefs.obj (FlashCallbackVar)

FlashScalingVar 
*          1    00000d04    00000002     UNINITIALIZED
                  00000d04    00000002     F2806x_GlobalVariableDefs.obj (FlashScalingVar)

DmaRegsFile 
*          1    00001000    000000e0     UNINITIALIZED
                  00001000    000000e0     F2806x_GlobalVariableDefs.obj (DmaRegsFile)

Cla1RegsFile 
*          1    00001400    00000040     UNINITIALIZED
                  00001400    00000040     F2806x_GlobalVariableDefs.obj (Cla1RegsFile)

Usb0RegsFile 
*          1    00004000    00000454     UNINITIALIZED
                  00004000    00000454     F2806x_GlobalVariableDefs.obj (Usb0RegsFile)

McbspaRegsFile 
*          1    00005000    00000024     UNINITIALIZED
                  00005000    00000024     F2806x_GlobalVariableDefs.obj (McbspaRegsFile)

ECanaRegsFile 
*          1    00006000    00000034     UNINITIALIZED
                  00006000    00000034     F2806x_GlobalVariableDefs.obj (ECanaRegsFile)

ECanaLAMRegsFile 
*          1    00006040    00000040     UNINITIALIZED
                  00006040    00000040     F2806x_GlobalVariableDefs.obj (ECanaLAMRegsFile)

ECanaMOTSRegsFile 
*          1    00006080    00000040     UNINITIALIZED
                  00006080    00000040     F2806x_GlobalVariableDefs.obj (ECanaMOTSRegsFile)

ECanaMOTORegsFile 
*          1    000060c0    00000040     UNINITIALIZED
                  000060c0    00000040     F2806x_GlobalVariableDefs.obj (ECanaMOTORegsFile)

ECanaMboxesFile 
*          1    00006100    00000100     UNINITIALIZED
                  00006100    00000100     F2806x_GlobalVariableDefs.obj (ECanaMboxesFile)

Comp1RegsFile 
*          1    00006400    00000014     UNINITIALIZED
                  00006400    00000014     F2806x_GlobalVariableDefs.obj (Comp1RegsFile)

Comp2RegsFile 
*          1    00006420    00000014     UNINITIALIZED
                  00006420    00000014     F2806x_GlobalVariableDefs.obj (Comp2RegsFile)

Comp3RegsFile 
*          1    00006440    00000014     UNINITIALIZED
                  00006440    00000014     F2806x_GlobalVariableDefs.obj (Comp3RegsFile)

EPwm1RegsFile 
*          1    00006800    00000040     UNINITIALIZED
                  00006800    00000040     F2806x_GlobalVariableDefs.obj (EPwm1RegsFile)

EPwm2RegsFile 
*          1    00006840    00000040     UNINITIALIZED
                  00006840    00000040     F2806x_GlobalVariableDefs.obj (EPwm2RegsFile)

EPwm3RegsFile 
*          1    00006880    00000040     UNINITIALIZED
                  00006880    00000040     F2806x_GlobalVariableDefs.obj (EPwm3RegsFile)

EPwm4RegsFile 
*          1    000068c0    00000040     UNINITIALIZED
                  000068c0    00000040     F2806x_GlobalVariableDefs.obj (EPwm4RegsFile)

EPwm5RegsFile 
*          1    00006900    00000040     UNINITIALIZED
                  00006900    00000040     F2806x_GlobalVariableDefs.obj (EPwm5RegsFile)

EPwm6RegsFile 
*          1    00006940    00000040     UNINITIALIZED
                  00006940    00000040     F2806x_GlobalVariableDefs.obj (EPwm6RegsFile)

EPwm7RegsFile 
*          1    00006980    00000040     UNINITIALIZED
                  00006980    00000040     F2806x_GlobalVariableDefs.obj (EPwm7RegsFile)

EPwm8RegsFile 
*          1    000069c0    00000040     UNINITIALIZED
                  000069c0    00000040     F2806x_GlobalVariableDefs.obj (EPwm8RegsFile)

ECap1RegsFile 
*          1    00006a00    00000020     UNINITIALIZED
                  00006a00    00000020     F2806x_GlobalVariableDefs.obj (ECap1RegsFile)

ECap2RegsFile 
*          1    00006a20    00000020     UNINITIALIZED
                  00006a20    00000020     F2806x_GlobalVariableDefs.obj (ECap2RegsFile)

ECap3RegsFile 
*          1    00006a40    00000020     UNINITIALIZED
                  00006a40    00000020     F2806x_GlobalVariableDefs.obj (ECap3RegsFile)

HRCap1RegsFile 
*          1    00006ac0    00000020     UNINITIALIZED
                  00006ac0    00000020     F2806x_GlobalVariableDefs.obj (HRCap1RegsFile)

HRCap2RegsFile 
*          1    00006ae0    00000020     UNINITIALIZED
                  00006ae0    00000020     F2806x_GlobalVariableDefs.obj (HRCap2RegsFile)

EQep1RegsFile 
*          1    00006b00    00000022     UNINITIALIZED
                  00006b00    00000022     F2806x_GlobalVariableDefs.obj (EQep1RegsFile)

EQep2RegsFile 
*          1    00006b40    00000022     UNINITIALIZED
                  00006b40    00000022     F2806x_GlobalVariableDefs.obj (EQep2RegsFile)

HRCap3RegsFile 
*          1    00006c80    00000020     UNINITIALIZED
                  00006c80    00000020     F2806x_GlobalVariableDefs.obj (HRCap3RegsFile)

HRCap4RegsFile 
*          1    00006ca0    00000020     UNINITIALIZED
                  00006ca0    00000020     F2806x_GlobalVariableDefs.obj (HRCap4RegsFile)

GpioCtrlRegsFile 
*          1    00006f80    00000040     UNINITIALIZED
                  00006f80    00000040     F2806x_GlobalVariableDefs.obj (GpioCtrlRegsFile)

GpioDataRegsFile 
*          1    00006fc0    00000020     UNINITIALIZED
                  00006fc0    00000020     F2806x_GlobalVariableDefs.obj (GpioDataRegsFile)

GpioIntRegsFile 
*          1    00006fe0    00000020     UNINITIALIZED
                  00006fe0    00000020     F2806x_GlobalVariableDefs.obj (GpioIntRegsFile)

SysCtrlRegsFile 
*          1    00007010    00000030     UNINITIALIZED
                  00007010    00000030     F2806x_GlobalVariableDefs.obj (SysCtrlRegsFile)

SpiaRegsFile 
*          1    00007040    00000010     UNINITIALIZED
                  00007040    00000010     F2806x_GlobalVariableDefs.obj (SpiaRegsFile)

SciaRegsFile 
*          1    00007050    00000010     UNINITIALIZED
                  00007050    00000010     F2806x_GlobalVariableDefs.obj (SciaRegsFile)

NmiIntruptRegsFile 
*          1    00007060    00000010     UNINITIALIZED
                  00007060    00000010     F2806x_GlobalVariableDefs.obj (NmiIntruptRegsFile)

XIntruptRegsFile 
*          1    00007070    00000010     UNINITIALIZED
                  00007070    00000010     F2806x_GlobalVariableDefs.obj (XIntruptRegsFile)

AdcRegsFile 
*          1    00007100    00000050     UNINITIALIZED
                  00007100    00000050     F2806x_GlobalVariableDefs.obj (AdcRegsFile)

SpibRegsFile 
*          1    00007740    00000010     UNINITIALIZED
                  00007740    00000010     F2806x_GlobalVariableDefs.obj (SpibRegsFile)

ScibRegsFile 
*          1    00007750    00000010     UNINITIALIZED
                  00007750    00000010     F2806x_GlobalVariableDefs.obj (ScibRegsFile)

I2caRegsFile 
*          1    00007900    00000022     UNINITIALIZED
                  00007900    00000022     F2806x_GlobalVariableDefs.obj (I2caRegsFile)

PartIdRegsFile 
*          1    003d7e80    00000001     UNINITIALIZED
                  003d7e80    00000001     F2806x_GlobalVariableDefs.obj (PartIdRegsFile)

CsmPwlFile 
*          1    003f7ff8    00000008     UNINITIALIZED
                  003f7ff8    00000008     F2806x_GlobalVariableDefs.obj (CsmPwlFile)

MODULE SUMMARY

       Module                          code   initialized data   uninitialized data
       ------                          ----   ----------------   ------------------
    .\
       F2806x_GlobalVariableDefs.obj   0      0                  3550              
       F2806x_DefaultIsr.obj           923    0                  0                 
       F2806x_Adc.obj                  570    0                  0                 
       F2806x_SysCtrl.obj              456    0                  0                 
       commands.obj                    130    84                 202               
       adc.obj                         289    13                 11                
       PID.obj                         244    49                 16                
       F2806x_PieVect.obj              38     256                0                 
       Scheduler_timer0_ISR.obj        234    5                  6                 
       Serial.obj                      196    8                  13                
       pwm.obj                         140    4                  1                 
       F2806x_CpuTimers.obj            118    0                  24                
       main.obj                        57     60                 22                
       F2806x_CSMPasswords.obj         0      126                0                 
       gpio.obj                        83     0                  0                 
       F2806x_Sci.obj                  48     0                  0                 
       F2806x_PieCtrl.obj              40     0                  0                 
       FLASH.obj                       13     0                  0                 
       F2806x_CodeStartBranch.obj      10     0                  0                 
       F2806x_usDelay.obj              8      0                  0                 
    +--+-------------------------------+------+------------------+--------------------+
       Total:                          3597   605                3845              
                                                                                   
    C:\TI\ccs930\ccs\tools\compiler\ti-cgt-c2000_18.12.4.LTS\lib\rts2800_fpu32.lib
       _printfi.c.obj                  3299   66                 0                 
       ll_div28.asm.obj                263    0                  0                 
       ctype.c.obj                     0      257                0                 
       s_scalbn.c.obj                  174    28                 0                 
       fd_add28.asm.obj                156    0                  0                 
       fd_div28.asm.obj                139    0                  0                 
       fs_div28.asm.obj                136    0                  0                 
       fd_mpy28.asm.obj                131    0                  0                 
       s_frexp.c.obj                   90     8                  0                 
       boot28.asm.obj                  86     0                  0                 
       exit.c.obj                      41     14                 6                 
       sprintf.c.obj                   50     0                  0                 
       atoi.c.obj                      49     0                  0                 
       ltoa.c.obj                      48     0                  0                 
       fd_cmp28.asm.obj                42     0                  0                 
       l_div28.asm.obj                 42     0                  0                 
       s_copysign.c.obj                37     0                  0                 
       cpy_tbl.c.obj                   36     0                  0                 
       i_div28.asm.obj                 34     0                  0                 
       fd_toi28.asm.obj                33     0                  0                 
       fd_tol28.asm.obj                31     0                  0                 
       ll_cmp28.asm.obj                30     0                  0                 
       i_tofd28.asm.obj                29     0                  0                 
       memcpy.c.obj                    29     0                  0                 
       fs_tofdfpu32.asm.obj            28     0                  0                 
       l_tofd28.asm.obj                28     0                  0                 
       args_main.c.obj                 25     0                  0                 
       ll_aox28.asm.obj                24     0                  0                 
       _lock.c.obj                     9      10                 4                 
       fd_sub28.asm.obj                14     0                  0                 
       memccpy.c.obj                   13     0                  0                 
       strchr.c.obj                    12     0                  0                 
       fd_neg28.asm.obj                9      0                  0                 
       wcslen.c.obj                    9      0                  0                 
       strlen.c.obj                    8      0                  0                 
       memset.c.obj                    7      0                  0                 
       errno.c.obj                     0      4                  1                 
       strcpy.c.obj                    5      0                  0                 
       pre_init.c.obj                  2      0                  0                 
       startup.c.obj                   1      0                  0                 
    +--+-------------------------------+------+------------------+--------------------+
       Total:                          5199   387                11                
                                                                                   
       Stack:                          0      0                  768               
    +--+-------------------------------+------+------------------+--------------------+
       Grand Total:                    8796   992                4624              


GLOBAL DATA SYMBOLS: SORTED BY DATA PAGE

address     data page           name
--------    ----------------    ----
00000050       1 (00000040)     __stack

00000880      22 (00000880)     _DevEmuRegs

00000985      26 (00000980)     _SysPwrCtrlRegs

00000a80      2a (00000a80)     _FlashRegs

00000ae0      2b (00000ac0)     _CsmRegs

00000b00      2c (00000b00)     _AdcResult

00000c00      30 (00000c00)     _CpuTimer0Regs
00000c08      30 (00000c00)     _CpuTimer1Regs
00000c10      30 (00000c00)     _CpuTimer2Regs

00000ce0      33 (00000cc0)     _PieCtrlRegs

00000d00      34 (00000d00)     _EmuKey
00000d00      34 (00000d00)     _PieVectTable
00000d01      34 (00000d00)     _EmuBMode
00000d02      34 (00000d00)     _Flash_CallbackPtr
00000d04      34 (00000d00)     _Flash_CPUScaleFactor

00001000      40 (00001000)     _DmaRegs

00001400      50 (00001400)     _Cla1Regs

00004000     100 (00004000)     _Usb0Regs

00005000     140 (00005000)     _McbspaRegs

00006000     180 (00006000)     _ECanaRegs

00006040     181 (00006040)     _ECanaLAMRegs

00006080     182 (00006080)     _ECanaMOTSRegs

000060c0     183 (000060c0)     _ECanaMOTORegs

00006100     184 (00006100)     _ECanaMboxes

00006400     190 (00006400)     _Comp1Regs
00006420     190 (00006400)     _Comp2Regs

00006440     191 (00006440)     _Comp3Regs

00006800     1a0 (00006800)     _EPwm1Regs

00006840     1a1 (00006840)     _EPwm2Regs

00006880     1a2 (00006880)     _EPwm3Regs

000068c0     1a3 (000068c0)     _EPwm4Regs

00006900     1a4 (00006900)     _EPwm5Regs

00006940     1a5 (00006940)     _EPwm6Regs

00006980     1a6 (00006980)     _EPwm7Regs

000069c0     1a7 (000069c0)     _EPwm8Regs

00006a00     1a8 (00006a00)     _ECap1Regs
00006a20     1a8 (00006a00)     _ECap2Regs

00006a40     1a9 (00006a40)     _ECap3Regs

00006ac0     1ab (00006ac0)     _HRCap1Regs
00006ae0     1ab (00006ac0)     _HRCap2Regs

00006b00     1ac (00006b00)     _EQep1Regs

00006b40     1ad (00006b40)     _EQep2Regs

00006c80     1b2 (00006c80)     _HRCap3Regs
00006ca0     1b2 (00006c80)     _HRCap4Regs

00006f80     1be (00006f80)     _GpioCtrlRegs

00006fc0     1bf (00006fc0)     _GpioDataRegs
00006fe0     1bf (00006fc0)     _GpioIntRegs

00007010     1c0 (00007000)     _SysCtrlRegs

00007040     1c1 (00007040)     _SpiaRegs
00007050     1c1 (00007040)     _SciaRegs
00007060     1c1 (00007040)     _NmiIntruptRegs
00007070     1c1 (00007040)     _XIntruptRegs

00007100     1c4 (00007100)     _AdcRegs

00007740     1dd (00007740)     _SpibRegs
00007750     1dd (00007740)     _ScibRegs

00007900     1e4 (00007900)     _I2caRegs

0000a0c8     283 (0000a0c0)     _CpuTimer0
0000a0d0     283 (0000a0c0)     _CpuTimer1
0000a0d8     283 (0000a0c0)     _CpuTimer2
0000a0e0     283 (0000a0c0)     _operation_mode
0000a0e1     283 (0000a0c0)     _systemState
0000a0e2     283 (0000a0c0)     _CC_Kp_discrete
0000a0e3     283 (0000a0c0)     _CC_Ki_discrete
0000a0e4     283 (0000a0c0)     _CV_Kp_discrete
0000a0e5     283 (0000a0c0)     _CV_Ki_discrete
0000a0e6     283 (0000a0c0)     _pwm_pot_adc
0000a0e8     283 (0000a0c0)     _freq_pot_adc
0000a0ea     283 (0000a0c0)     _pwm_pot_adc_old
0000a0ec     283 (0000a0c0)     _freq_pot_adc_old
0000a0ee     283 (0000a0c0)     _IP_V_DC
0000a0f0     283 (0000a0c0)     _OP_V_DC
0000a0f2     283 (0000a0c0)     _OP_I_DC
0000a0f4     283 (0000a0c0)     _BAT_I_DC
0000a0f6     283 (0000a0c0)     _num

0000a106     284 (0000a100)     _pidOutput1
0000a108     284 (0000a100)     _pidOutput2
0000a10a     284 (0000a100)     _pidOutput1_old
0000a10c     284 (0000a100)     _pidOutput2_old
0000a116     284 (0000a100)     ___TI_enable_exit_profile_output
0000a118     284 (0000a100)     ___TI_cleanup_ptr
0000a11a     284 (0000a100)     ___TI_dtors_ptr
0000a11c     284 (0000a100)     _rdataA
0000a121     284 (0000a100)     _sdataA
0000a129     284 (0000a100)     _ReceivedChar
0000a12a     284 (0000a100)     __lock
0000a12c     284 (0000a100)     __unlock
0000a12e     284 (0000a100)     _msg
0000a130     284 (0000a100)     _phaseShiftOffset
0000a131     284 (0000a100)     _errno

003d7e80    f5fa (003d7e80)     _PartIdRegs

003f621c    fd88 (003f6200)     __ctypes_

003f631e    fd8c (003f6300)     _PieVectTableInit

003f7ff8    fdff (003f7fc0)     _CsmPwl


GLOBAL SYMBOLS: SORTED ALPHABETICALLY BY Name 

page  address   name                            
----  -------   ----                            
0     003f4000  .text                           
0     003f5fcb  C$$EXIT                         
0     003f58c1  FD$$ADD                         
0     003f5f77  FD$$CMP                         
0     003f59e9  FD$$DIV                         
0     003f5afc  FD$$MPY                         
0     003f61eb  FD$$NEG                         
0     003f61ae  FD$$SUB                         
0     003f60ad  FD$$TOI                         
0     003f60ce  FD$$TOL                         
0     003f5a74  FS$$DIV                         
0     003f6145  FS$$TOFD                        
0     003f608b  I$$DIV                          
0     003f609c  I$$MOD                          
0     003f610b  I$$TOFD                         
0     003f5fa1  L$$DIV                          
0     003f5fb0  L$$MOD                          
0     003f6161  L$$TOFD                         
0     003f6196  LL$$AND                         
0     003f60ed  LL$$CMP                         
0     003f556b  LL$$DIV                         
0     003f55a7  LL$$MOD                         
0     003f619e  LL$$OR                          
0     003f61a6  LL$$XOR                         
0     003f5fbe  UL$$DIV                         
0     003f5fc5  UL$$MOD                         
0     003f60ff  ULL$$CMP                        
0     003f55e1  ULL$$DIV                        
0     003f5610  ULL$$MOD                        
0     003f4da1  _ADCINT1_ISR                    
0     003f4dab  _ADCINT2_ISR                    
0     003f4fb3  _ADCINT3_ISR                    
0     003f4fbd  _ADCINT4_ISR                    
0     003f4fc7  _ADCINT5_ISR                    
0     003f4fd1  _ADCINT6_ISR                    
0     003f4fdb  _ADCINT7_ISR                    
0     003f4fe5  _ADCINT8_ISR                    
0     003f4dc9  _ADCINT9_ISR                    
0     003f5536  _ADC_filter                     
0     003f5495  _ADC_intToString                
0     003f54e2  _ADC_processVal                 
0     003f544a  _ADC_setup                      
0     003f50f2  _AdcChanSelect                  
0     003f5167  _AdcConversion                  
0     003f50cb  _AdcOffsetSelfCal               
1     00007100  _AdcRegs                        
1     00000b00  _AdcResult                      
1     0000a0f4  _BAT_I_DC                       
1     0000a0e3  _CC_Ki_discrete                 
1     0000a0e2  _CC_Kp_discrete                 
0     003f56d3  _CC_PI_discrete1                
0     003f5704  _CC_PI_discrete2                
0     003f4fef  _CLA1_INT1_ISR                  
0     003f4ff9  _CLA1_INT2_ISR                  
0     003f5003  _CLA1_INT3_ISR                  
0     003f500d  _CLA1_INT4_ISR                  
0     003f5017  _CLA1_INT5_ISR                  
0     003f5021  _CLA1_INT6_ISR                  
0     003f502b  _CLA1_INT7_ISR                  
0     003f5035  _CLA1_INT8_ISR                  
1     0000a0e5  _CV_Ki_discrete                 
1     0000a0e4  _CV_Kp_discrete                 
0     003f5735  _CV_PI_discrete                 
1     00001400  _Cla1Regs                       
1     00006400  _Comp1Regs                      
1     00006420  _Comp2Regs                      
1     00006440  _Comp3Regs                      
0     003f5c3c  _ConfigCpuTimer                 
1     0000a0c8  _CpuTimer0                      
1     00000c00  _CpuTimer0Regs                  
1     0000a0d0  _CpuTimer1                      
1     00000c08  _CpuTimer1Regs                  
1     0000a0d8  _CpuTimer2                      
1     00000c10  _CpuTimer2Regs                  
1     003f7ff8  _CsmPwl                         
1     00000ae0  _CsmRegs                        
0     003f53bd  _CsmUnlock                      
0     003f4cf7  _DATALOG_ISR                    
0     003f4f27  _DINTCH1_ISR                    
0     003f4f31  _DINTCH2_ISR                    
0     003f4f3b  _DINTCH3_ISR                    
0     003f4f45  _DINTCH4_ISR                    
0     003f4f4f  _DINTCH5_ISR                    
0     003f4f59  _DINTCH6_ISR                    
0     0000801b  _DSP28x_usDelay                 
1     00000880  _DevEmuRegs                     
0     003f52dc  _DisableDog                     
1     00001000  _DmaRegs                        
0     003f4f9f  _ECAN0INTA_ISR                  
0     003f4fa9  _ECAN1INTA_ISR                  
0     003f4e87  _ECAP1_INT_ISR                  
0     003f4e91  _ECAP2_INT_ISR                  
0     003f4e9b  _ECAP3_INT_ISR                  
1     00006040  _ECanaLAMRegs                   
1     000060c0  _ECanaMOTORegs                  
1     00006080  _ECanaMOTSRegs                  
1     00006100  _ECanaMboxes                    
1     00006000  _ECanaRegs                      
1     00006a00  _ECap1Regs                      
1     00006a20  _ECap2Regs                      
1     00006a40  _ECap3Regs                      
0     003f505d  _EMPTY_ISR                      
0     003f4d0b  _EMUINT_ISR                     
0     003f4e37  _EPWM1_INT_ISR                  
0     003f4de7  _EPWM1_TZINT_ISR                
0     003f4e41  _EPWM2_INT_ISR                  
0     003f4df1  _EPWM2_TZINT_ISR                
0     003f4e4b  _EPWM3_INT_ISR                  
0     003f4dfb  _EPWM3_TZINT_ISR                
0     003f4e55  _EPWM4_INT_ISR                  
0     003f4e05  _EPWM4_TZINT_ISR                
0     003f4e5f  _EPWM5_INT_ISR                  
0     003f4e0f  _EPWM5_TZINT_ISR                
0     003f4e69  _EPWM6_INT_ISR                  
0     003f4e19  _EPWM6_TZINT_ISR                
0     003f4e73  _EPWM7_INT_ISR                  
0     003f4e23  _EPWM7_TZINT_ISR                
0     003f4e7d  _EPWM8_INT_ISR                  
0     003f4e2d  _EPWM8_TZINT_ISR                
1     00006800  _EPwm1Regs                      
1     00006840  _EPwm2Regs                      
1     00006880  _EPwm3Regs                      
1     000068c0  _EPwm4Regs                      
1     00006900  _EPwm5Regs                      
1     00006940  _EPwm6Regs                      
1     00006980  _EPwm7Regs                      
1     000069c0  _EPwm8Regs                      
0     003f4eb9  _EQEP1_INT_ISR                  
0     003f4ec3  _EQEP2_INT_ISR                  
1     00006b00  _EQep1Regs                      
1     00006b40  _EQep2Regs                      
1     00000d01  _EmuBMode                       
1     00000d00  _EmuKey                         
0     003f6013  _EnableInterrupts               
0     003f5434  _ExtOscSel                      
0     003f61bc  _FLASH_CONFIG                   
1     00000a80  _FlashRegs                      
1     00000d04  _Flash_CPUScaleFactor           
1     00000d02  _Flash_CallbackPtr              
0     003f5e0e  _GPIO_disable_PWM               
0     003f5dfe  _GPIO_enable_PWM                
0     003f5e23  _GPIO_setupLCDPins              
0     003f5df2  _GPIO_setupLedPins              
0     003f5deb  _GPIO_setup_init                
1     00006f80  _GpioCtrlRegs                   
1     00006fc0  _GpioDataRegs                   
1     00006fe0  _GpioIntRegs                    
0     003f4ea5  _HRCAP1_INT_ISR                 
0     003f4eaf  _HRCAP2_INT_ISR                 
0     003f4ecd  _HRCAP3_INT_ISR                 
0     003f4ed7  _HRCAP4_INT_ISR                 
1     00006ac0  _HRCap1Regs                     
1     00006ae0  _HRCap2Regs                     
1     00006c80  _HRCap3Regs                     
1     00006ca0  _HRCap4Regs                     
0     003f4f63  _I2CINT1A_ISR                   
0     003f4f6d  _I2CINT2A_ISR                   
1     00007900  _I2caRegs                       
0     003f4d1f  _ILLEGAL_ISR                    
0     003f4ce3  _INT13_ISR                      
0     003f4ced  _INT14_ISR                      
1     0000a0ee  _IP_V_DC                        
0     003f507e  _InitAdc                        
0     003f50a9  _InitAdcAio                     
0     003f5c01  _InitCpuTimers                  
0     00008000  _InitFlash                      
0     003f5367  _InitPeripheralClocks           
0     003f5ff4  _InitPieCtrl                    
0     003f601c  _InitPieVectTable               
0     003f52e4  _InitPll                        
0     003f5339  _InitPll2                       
0     003f5f17  _InitSci                        
0     003f5f18  _InitSciGpio                    
0     003f5f1d  _InitSciaGpio                   
0     003f5f33  _InitScibGpio                   
0     003f52b8  _InitSysCtrl                    
0     003f53ee  _IntOsc1Sel                     
0     003f53fe  _IntOsc2Sel                     
0     003f5053  _LUF_ISR                        
0     003f5049  _LVF_ISR                        
0     003f4f13  _MRINTA_ISR                     
0     003f4f1d  _MXINTA_ISR                     
1     00005000  _McbspaRegs                     
0     003f4d15  _NMI_ISR                        
1     00007060  _NmiIntruptRegs                 
1     0000a0f2  _OP_I_DC                        
1     0000a0f0  _OP_V_DC                        
0     003f5672  _PID                            
0     003f506a  _PIE_RESERVED                   
0     003f5962  _PWM_setup_EPWM_1               
0     003f59a0  _PWM_setup_EPWM_2               
0     003f595d  _PWM_setup_init                 
0     003f59df  _PWM_updatePhase                
1     003d7e80  _PartIdRegs                     
1     00000ce0  _PieCtrlRegs                    
1     00000d00  _PieVectTable                   
0     003f631e  _PieVectTableInit               
0     003f4d01  _RTOSINT_ISR                    
0     003e801f  _RamfuncsLoadEnd                
abs   0000001f  _RamfuncsLoadSize               
0     003e8000  _RamfuncsLoadStart              
0     00008000  _RamfuncsRunStart               
1     0000a129  _ReceivedChar                   
0     003f4f77  _SCIRXINTA_ISR                  
0     003f4f8b  _SCIRXINTB_ISR                  
0     003f4f81  _SCITXINTA_ISR                  
0     003f4f95  _SCITXINTB_ISR                  
0     003f5cbc  _SCI_UpdateMonitor              
0     003f4eeb  _SPIRXINTA_ISR                  
0     003f4eff  _SPIRXINTB_ISR                  
0     003f4ef5  _SPITXINTA_ISR                  
0     003f4f09  _SPITXINTB_ISR                  
0     003f5814  _Scheduler_timer0_ISR           
0     003f5e52  _Scheduler_timer0_ISR_Init      
1     00007050  _SciaRegs                       
1     00007750  _ScibRegs                       
0     003f5c77  _SerialInit                     
0     003f52d2  _ServiceDog                     
1     00007040  _SpiaRegs                       
1     00007740  _SpibRegs                       
1     00007010  _SysCtrlRegs                    
1     00000985  _SysPwrCtrlRegs                 
0     003f4dd3  _TINT0_ISR                      
0     003f4ee1  _USB0_INT_ISR                   
0     003f4d83  _USER10_ISR                     
0     003f4d8d  _USER11_ISR                     
0     003f4d97  _USER12_ISR                     
0     003f4d29  _USER1_ISR                      
0     003f4d33  _USER2_ISR                      
0     003f4d3d  _USER3_ISR                      
0     003f4d47  _USER4_ISR                      
0     003f4d51  _USER5_ISR                      
0     003f4d5b  _USER6_ISR                      
0     003f4d65  _USER7_ISR                      
0     003f4d6f  _USER8_ISR                      
0     003f4d79  _USER9_ISR                      
1     00004000  _Usb0Regs                       
0     003f4ddd  _WAKEINT_ISR                    
0     003f4db5  _XINT1_ISR                      
0     003f4dbf  _XINT2_ISR                      
0     003f503f  _XINT3_ISR                      
1     00007070  _XIntruptRegs                   
0     003f5418  _XtalOscSel                     
1     00000350  __STACK_END                     
abs   00000300  __STACK_SIZE                    
1     0000a118  ___TI_cleanup_ptr               
1     0000a11a  ___TI_dtors_ptr                 
1     0000a116  ___TI_enable_exit_profile_output
abs   ffffffff  ___TI_pprof_out_hndl            
0     003f4b52  ___TI_printfi                   
abs   ffffffff  ___TI_prof_data_size            
abs   ffffffff  ___TI_prof_data_start           
abs   ffffffff  ___binit__                      
abs   ffffffff  ___c_args__                     
0     003f64c5  ___cinit__                      
0     003f621c  ___etext__                      
abs   ffffffff  ___pinit__                      
0     003f4000  ___text__                       
0     003f617d  __args_main                     
0     003f621c  __ctypes_                       
1     0000a12a  __lock                          
0     003f61ea  __nop                           
0     003f61e6  __register_lock                 
0     003f61e2  __register_unlock               
1     00000050  __stack                         
0     003f621b  __system_post_cinit             
0     003f6219  __system_pre_init               
1     0000a12c  __unlock                        
0     003f5fcb  _abort                          
0     003f5ee6  _atoi                           
0     003f5d95  _c_int00                        
0     003f6067  _copy_in                        
0     003f6042  _copysignl                      
1     0000a131  _errno                          
0     003f5ca1  _error                          
0     003f5fcd  _exit                           
1     0000a0e8  _freq_pot_adc                   
1     0000a0ec  _freq_pot_adc_old               
0     003f5ce3  _frexpl                         
0     003f5766  _ldexpl                         
0     003f5f47  _ltoa                           
0     003f5e7b  _main                           
0     003f5b8c  _mainOff                        
0     003f5b80  _mainOn                         
0     003f5e3e  _map                            
0     003f61c9  _memccpy                        
0     003f6128  _memcpy                         
0     003f620d  _memset                         
1     0000a12e  _msg                            
0     003f5b7f  _noOp                           
1     0000a0f6  _num                            
1     0000a0e0  _operation_mode                 
1     0000a130  _phaseShiftOffset               
1     0000a106  _pidOutput1                     
1     0000a10a  _pidOutput1_old                 
1     0000a108  _pidOutput2                     
1     0000a10c  _pidOutput2_old                 
1     0000a0e6  _pwm_pot_adc                    
1     0000a0ea  _pwm_pot_adc_old                
1     0000a11c  _rdataA                         
0     003f5bb6  _readAmp                        
0     003f5ba0  _readVolt                       
0     003f5bcc  _recOp                          
0     003f5b98  _resetFault                     
0     003f5074  _rsvd_ISR                       
0     003f5766  _scalbnl                        
0     003f5d3d  _sciaRxFifoIsr                  
0     003f5ca3  _scia_fifo_init                 
0     003f5cd7  _scia_xmit                      
1     0000a121  _sdataA                         
0     003f5e6d  _sleep_mode                     
0     003f5eb4  _sprintf                        
0     003f61d6  _strchr                         
0     003f6214  _strcpy                         
0     003f6205  _strlen                         
1     0000a0e1  _systemState                    
0     003f61f4  _wcslen                         
abs   ffffffff  binit                           
0     003f64c5  cinit                           
0     003f7ff6  code_start                      
0     003f621c  etext                           
abs   ffffffff  pinit                           


GLOBAL SYMBOLS: SORTED BY Symbol Address 

page  address   name                            
----  -------   ----                            
0     00008000  _InitFlash                      
0     00008000  _RamfuncsRunStart               
0     0000801b  _DSP28x_usDelay                 
0     003e8000  _RamfuncsLoadStart              
0     003e801f  _RamfuncsLoadEnd                
0     003f4000  .text                           
0     003f4000  ___text__                       
0     003f4b52  ___TI_printfi                   
0     003f4ce3  _INT13_ISR                      
0     003f4ced  _INT14_ISR                      
0     003f4cf7  _DATALOG_ISR                    
0     003f4d01  _RTOSINT_ISR                    
0     003f4d0b  _EMUINT_ISR                     
0     003f4d15  _NMI_ISR                        
0     003f4d1f  _ILLEGAL_ISR                    
0     003f4d29  _USER1_ISR                      
0     003f4d33  _USER2_ISR                      
0     003f4d3d  _USER3_ISR                      
0     003f4d47  _USER4_ISR                      
0     003f4d51  _USER5_ISR                      
0     003f4d5b  _USER6_ISR                      
0     003f4d65  _USER7_ISR                      
0     003f4d6f  _USER8_ISR                      
0     003f4d79  _USER9_ISR                      
0     003f4d83  _USER10_ISR                     
0     003f4d8d  _USER11_ISR                     
0     003f4d97  _USER12_ISR                     
0     003f4da1  _ADCINT1_ISR                    
0     003f4dab  _ADCINT2_ISR                    
0     003f4db5  _XINT1_ISR                      
0     003f4dbf  _XINT2_ISR                      
0     003f4dc9  _ADCINT9_ISR                    
0     003f4dd3  _TINT0_ISR                      
0     003f4ddd  _WAKEINT_ISR                    
0     003f4de7  _EPWM1_TZINT_ISR                
0     003f4df1  _EPWM2_TZINT_ISR                
0     003f4dfb  _EPWM3_TZINT_ISR                
0     003f4e05  _EPWM4_TZINT_ISR                
0     003f4e0f  _EPWM5_TZINT_ISR                
0     003f4e19  _EPWM6_TZINT_ISR                
0     003f4e23  _EPWM7_TZINT_ISR                
0     003f4e2d  _EPWM8_TZINT_ISR                
0     003f4e37  _EPWM1_INT_ISR                  
0     003f4e41  _EPWM2_INT_ISR                  
0     003f4e4b  _EPWM3_INT_ISR                  
0     003f4e55  _EPWM4_INT_ISR                  
0     003f4e5f  _EPWM5_INT_ISR                  
0     003f4e69  _EPWM6_INT_ISR                  
0     003f4e73  _EPWM7_INT_ISR                  
0     003f4e7d  _EPWM8_INT_ISR                  
0     003f4e87  _ECAP1_INT_ISR                  
0     003f4e91  _ECAP2_INT_ISR                  
0     003f4e9b  _ECAP3_INT_ISR                  
0     003f4ea5  _HRCAP1_INT_ISR                 
0     003f4eaf  _HRCAP2_INT_ISR                 
0     003f4eb9  _EQEP1_INT_ISR                  
0     003f4ec3  _EQEP2_INT_ISR                  
0     003f4ecd  _HRCAP3_INT_ISR                 
0     003f4ed7  _HRCAP4_INT_ISR                 
0     003f4ee1  _USB0_INT_ISR                   
0     003f4eeb  _SPIRXINTA_ISR                  
0     003f4ef5  _SPITXINTA_ISR                  
0     003f4eff  _SPIRXINTB_ISR                  
0     003f4f09  _SPITXINTB_ISR                  
0     003f4f13  _MRINTA_ISR                     
0     003f4f1d  _MXINTA_ISR                     
0     003f4f27  _DINTCH1_ISR                    
0     003f4f31  _DINTCH2_ISR                    
0     003f4f3b  _DINTCH3_ISR                    
0     003f4f45  _DINTCH4_ISR                    
0     003f4f4f  _DINTCH5_ISR                    
0     003f4f59  _DINTCH6_ISR                    
0     003f4f63  _I2CINT1A_ISR                   
0     003f4f6d  _I2CINT2A_ISR                   
0     003f4f77  _SCIRXINTA_ISR                  
0     003f4f81  _SCITXINTA_ISR                  
0     003f4f8b  _SCIRXINTB_ISR                  
0     003f4f95  _SCITXINTB_ISR                  
0     003f4f9f  _ECAN0INTA_ISR                  
0     003f4fa9  _ECAN1INTA_ISR                  
0     003f4fb3  _ADCINT3_ISR                    
0     003f4fbd  _ADCINT4_ISR                    
0     003f4fc7  _ADCINT5_ISR                    
0     003f4fd1  _ADCINT6_ISR                    
0     003f4fdb  _ADCINT7_ISR                    
0     003f4fe5  _ADCINT8_ISR                    
0     003f4fef  _CLA1_INT1_ISR                  
0     003f4ff9  _CLA1_INT2_ISR                  
0     003f5003  _CLA1_INT3_ISR                  
0     003f500d  _CLA1_INT4_ISR                  
0     003f5017  _CLA1_INT5_ISR                  
0     003f5021  _CLA1_INT6_ISR                  
0     003f502b  _CLA1_INT7_ISR                  
0     003f5035  _CLA1_INT8_ISR                  
0     003f503f  _XINT3_ISR                      
0     003f5049  _LVF_ISR                        
0     003f5053  _LUF_ISR                        
0     003f505d  _EMPTY_ISR                      
0     003f506a  _PIE_RESERVED                   
0     003f5074  _rsvd_ISR                       
0     003f507e  _InitAdc                        
0     003f50a9  _InitAdcAio                     
0     003f50cb  _AdcOffsetSelfCal               
0     003f50f2  _AdcChanSelect                  
0     003f5167  _AdcConversion                  
0     003f52b8  _InitSysCtrl                    
0     003f52d2  _ServiceDog                     
0     003f52dc  _DisableDog                     
0     003f52e4  _InitPll                        
0     003f5339  _InitPll2                       
0     003f5367  _InitPeripheralClocks           
0     003f53bd  _CsmUnlock                      
0     003f53ee  _IntOsc1Sel                     
0     003f53fe  _IntOsc2Sel                     
0     003f5418  _XtalOscSel                     
0     003f5434  _ExtOscSel                      
0     003f544a  _ADC_setup                      
0     003f5495  _ADC_intToString                
0     003f54e2  _ADC_processVal                 
0     003f5536  _ADC_filter                     
0     003f556b  LL$$DIV                         
0     003f55a7  LL$$MOD                         
0     003f55e1  ULL$$DIV                        
0     003f5610  ULL$$MOD                        
0     003f5672  _PID                            
0     003f56d3  _CC_PI_discrete1                
0     003f5704  _CC_PI_discrete2                
0     003f5735  _CV_PI_discrete                 
0     003f5766  _ldexpl                         
0     003f5766  _scalbnl                        
0     003f5814  _Scheduler_timer0_ISR           
0     003f58c1  FD$$ADD                         
0     003f595d  _PWM_setup_init                 
0     003f5962  _PWM_setup_EPWM_1               
0     003f59a0  _PWM_setup_EPWM_2               
0     003f59df  _PWM_updatePhase                
0     003f59e9  FD$$DIV                         
0     003f5a74  FS$$DIV                         
0     003f5afc  FD$$MPY                         
0     003f5b7f  _noOp                           
0     003f5b80  _mainOn                         
0     003f5b8c  _mainOff                        
0     003f5b98  _resetFault                     
0     003f5ba0  _readVolt                       
0     003f5bb6  _readAmp                        
0     003f5bcc  _recOp                          
0     003f5c01  _InitCpuTimers                  
0     003f5c3c  _ConfigCpuTimer                 
0     003f5c77  _SerialInit                     
0     003f5ca1  _error                          
0     003f5ca3  _scia_fifo_init                 
0     003f5cbc  _SCI_UpdateMonitor              
0     003f5cd7  _scia_xmit                      
0     003f5ce3  _frexpl                         
0     003f5d3d  _sciaRxFifoIsr                  
0     003f5d95  _c_int00                        
0     003f5deb  _GPIO_setup_init                
0     003f5df2  _GPIO_setupLedPins              
0     003f5dfe  _GPIO_enable_PWM                
0     003f5e0e  _GPIO_disable_PWM               
0     003f5e23  _GPIO_setupLCDPins              
0     003f5e3e  _map                            
0     003f5e52  _Scheduler_timer0_ISR_Init      
0     003f5e6d  _sleep_mode                     
0     003f5e7b  _main                           
0     003f5eb4  _sprintf                        
0     003f5ee6  _atoi                           
0     003f5f17  _InitSci                        
0     003f5f18  _InitSciGpio                    
0     003f5f1d  _InitSciaGpio                   
0     003f5f33  _InitScibGpio                   
0     003f5f47  _ltoa                           
0     003f5f77  FD$$CMP                         
0     003f5fa1  L$$DIV                          
0     003f5fb0  L$$MOD                          
0     003f5fbe  UL$$DIV                         
0     003f5fc5  UL$$MOD                         
0     003f5fcb  C$$EXIT                         
0     003f5fcb  _abort                          
0     003f5fcd  _exit                           
0     003f5ff4  _InitPieCtrl                    
0     003f6013  _EnableInterrupts               
0     003f601c  _InitPieVectTable               
0     003f6042  _copysignl                      
0     003f6067  _copy_in                        
0     003f608b  I$$DIV                          
0     003f609c  I$$MOD                          
0     003f60ad  FD$$TOI                         
0     003f60ce  FD$$TOL                         
0     003f60ed  LL$$CMP                         
0     003f60ff  ULL$$CMP                        
0     003f610b  I$$TOFD                         
0     003f6128  _memcpy                         
0     003f6145  FS$$TOFD                        
0     003f6161  L$$TOFD                         
0     003f617d  __args_main                     
0     003f6196  LL$$AND                         
0     003f619e  LL$$OR                          
0     003f61a6  LL$$XOR                         
0     003f61ae  FD$$SUB                         
0     003f61bc  _FLASH_CONFIG                   
0     003f61c9  _memccpy                        
0     003f61d6  _strchr                         
0     003f61e2  __register_unlock               
0     003f61e6  __register_lock                 
0     003f61ea  __nop                           
0     003f61eb  FD$$NEG                         
0     003f61f4  _wcslen                         
0     003f6205  _strlen                         
0     003f620d  _memset                         
0     003f6214  _strcpy                         
0     003f6219  __system_pre_init               
0     003f621b  __system_post_cinit             
0     003f621c  ___etext__                      
0     003f621c  __ctypes_                       
0     003f621c  etext                           
0     003f631e  _PieVectTableInit               
0     003f64c5  ___cinit__                      
0     003f64c5  cinit                           
0     003f7ff6  code_start                      
1     00000050  __stack                         
1     00000350  __STACK_END                     
1     00000880  _DevEmuRegs                     
1     00000985  _SysPwrCtrlRegs                 
1     00000a80  _FlashRegs                      
1     00000ae0  _CsmRegs                        
1     00000b00  _AdcResult                      
1     00000c00  _CpuTimer0Regs                  
1     00000c08  _CpuTimer1Regs                  
1     00000c10  _CpuTimer2Regs                  
1     00000ce0  _PieCtrlRegs                    
1     00000d00  _EmuKey                         
1     00000d00  _PieVectTable                   
1     00000d01  _EmuBMode                       
1     00000d02  _Flash_CallbackPtr              
1     00000d04  _Flash_CPUScaleFactor           
1     00001000  _DmaRegs                        
1     00001400  _Cla1Regs                       
1     00004000  _Usb0Regs                       
1     00005000  _McbspaRegs                     
1     00006000  _ECanaRegs                      
1     00006040  _ECanaLAMRegs                   
1     00006080  _ECanaMOTSRegs                  
1     000060c0  _ECanaMOTORegs                  
1     00006100  _ECanaMboxes                    
1     00006400  _Comp1Regs                      
1     00006420  _Comp2Regs                      
1     00006440  _Comp3Regs                      
1     00006800  _EPwm1Regs                      
1     00006840  _EPwm2Regs                      
1     00006880  _EPwm3Regs                      
1     000068c0  _EPwm4Regs                      
1     00006900  _EPwm5Regs                      
1     00006940  _EPwm6Regs                      
1     00006980  _EPwm7Regs                      
1     000069c0  _EPwm8Regs                      
1     00006a00  _ECap1Regs                      
1     00006a20  _ECap2Regs                      
1     00006a40  _ECap3Regs                      
1     00006ac0  _HRCap1Regs                     
1     00006ae0  _HRCap2Regs                     
1     00006b00  _EQep1Regs                      
1     00006b40  _EQep2Regs                      
1     00006c80  _HRCap3Regs                     
1     00006ca0  _HRCap4Regs                     
1     00006f80  _GpioCtrlRegs                   
1     00006fc0  _GpioDataRegs                   
1     00006fe0  _GpioIntRegs                    
1     00007010  _SysCtrlRegs                    
1     00007040  _SpiaRegs                       
1     00007050  _SciaRegs                       
1     00007060  _NmiIntruptRegs                 
1     00007070  _XIntruptRegs                   
1     00007100  _AdcRegs                        
1     00007740  _SpibRegs                       
1     00007750  _ScibRegs                       
1     00007900  _I2caRegs                       
1     0000a0c8  _CpuTimer0                      
1     0000a0d0  _CpuTimer1                      
1     0000a0d8  _CpuTimer2                      
1     0000a0e0  _operation_mode                 
1     0000a0e1  _systemState                    
1     0000a0e2  _CC_Kp_discrete                 
1     0000a0e3  _CC_Ki_discrete                 
1     0000a0e4  _CV_Kp_discrete                 
1     0000a0e5  _CV_Ki_discrete                 
1     0000a0e6  _pwm_pot_adc                    
1     0000a0e8  _freq_pot_adc                   
1     0000a0ea  _pwm_pot_adc_old                
1     0000a0ec  _freq_pot_adc_old               
1     0000a0ee  _IP_V_DC                        
1     0000a0f0  _OP_V_DC                        
1     0000a0f2  _OP_I_DC                        
1     0000a0f4  _BAT_I_DC                       
1     0000a0f6  _num                            
1     0000a106  _pidOutput1                     
1     0000a108  _pidOutput2                     
1     0000a10a  _pidOutput1_old                 
1     0000a10c  _pidOutput2_old                 
1     0000a116  ___TI_enable_exit_profile_output
1     0000a118  ___TI_cleanup_ptr               
1     0000a11a  ___TI_dtors_ptr                 
1     0000a11c  _rdataA                         
1     0000a121  _sdataA                         
1     0000a129  _ReceivedChar                   
1     0000a12a  __lock                          
1     0000a12c  __unlock                        
1     0000a12e  _msg                            
1     0000a130  _phaseShiftOffset               
1     0000a131  _errno                          
1     003d7e80  _PartIdRegs                     
1     003f7ff8  _CsmPwl                         
abs   0000001f  _RamfuncsLoadSize               
abs   00000300  __STACK_SIZE                    
abs   ffffffff  ___TI_pprof_out_hndl            
abs   ffffffff  ___TI_prof_data_size            
abs   ffffffff  ___TI_prof_data_start           
abs   ffffffff  ___binit__                      
abs   ffffffff  ___c_args__                     
abs   ffffffff  ___pinit__                      
abs   ffffffff  binit                           
abs   ffffffff  pinit                           

[322 symbols]
