<?xml version="1.0" encoding="ISO-8859-1" ?>
<link_info>
   <banner>TMS320C2000 Linker PC v18.12.4.LTS</banner>
   <copyright>Copyright (c) 1996-2018 Texas Instruments Incorporated</copyright>
   <link_time>0x5e2e8a0b</link_time>
   <link_errors>0x0</link_errors>
   <output_file>Battery_Charger.out</output_file>
   <entry_point>
      <name>_c_int00</name>
      <address>0x3f5d95</address>
   </entry_point>
   <input_file_list>
      <input_file id="fl-2">
         <path>.\</path>
         <kind>object</kind>
         <file>F2806x_Adc.obj</file>
         <name>F2806x_Adc.obj</name>
      </input_file>
      <input_file id="fl-3">
         <path>.\</path>
         <kind>object</kind>
         <file>F2806x_CSMPasswords.obj</file>
         <name>F2806x_CSMPasswords.obj</name>
      </input_file>
      <input_file id="fl-4">
         <path>.\</path>
         <kind>object</kind>
         <file>F2806x_CodeStartBranch.obj</file>
         <name>F2806x_CodeStartBranch.obj</name>
      </input_file>
      <input_file id="fl-5">
         <path>.\</path>
         <kind>object</kind>
         <file>F2806x_CpuTimers.obj</file>
         <name>F2806x_CpuTimers.obj</name>
      </input_file>
      <input_file id="fl-6">
         <path>.\</path>
         <kind>object</kind>
         <file>F2806x_DefaultIsr.obj</file>
         <name>F2806x_DefaultIsr.obj</name>
      </input_file>
      <input_file id="fl-7">
         <path>.\</path>
         <kind>object</kind>
         <file>F2806x_GlobalVariableDefs.obj</file>
         <name>F2806x_GlobalVariableDefs.obj</name>
      </input_file>
      <input_file id="fl-8">
         <path>.\</path>
         <kind>object</kind>
         <file>F2806x_PieCtrl.obj</file>
         <name>F2806x_PieCtrl.obj</name>
      </input_file>
      <input_file id="fl-9">
         <path>.\</path>
         <kind>object</kind>
         <file>F2806x_PieVect.obj</file>
         <name>F2806x_PieVect.obj</name>
      </input_file>
      <input_file id="fl-a">
         <path>.\</path>
         <kind>object</kind>
         <file>F2806x_Sci.obj</file>
         <name>F2806x_Sci.obj</name>
      </input_file>
      <input_file id="fl-b">
         <path>.\</path>
         <kind>object</kind>
         <file>F2806x_SysCtrl.obj</file>
         <name>F2806x_SysCtrl.obj</name>
      </input_file>
      <input_file id="fl-c">
         <path>.\</path>
         <kind>object</kind>
         <file>F2806x_usDelay.obj</file>
         <name>F2806x_usDelay.obj</name>
      </input_file>
      <input_file id="fl-d">
         <path>.\</path>
         <kind>object</kind>
         <file>FLASH.obj</file>
         <name>FLASH.obj</name>
      </input_file>
      <input_file id="fl-e">
         <path>.\</path>
         <kind>object</kind>
         <file>LCD.obj</file>
         <name>LCD.obj</name>
      </input_file>
      <input_file id="fl-f">
         <path>.\</path>
         <kind>object</kind>
         <file>PID.obj</file>
         <name>PID.obj</name>
      </input_file>
      <input_file id="fl-10">
         <path>.\</path>
         <kind>object</kind>
         <file>Scheduler_timer0_ISR.obj</file>
         <name>Scheduler_timer0_ISR.obj</name>
      </input_file>
      <input_file id="fl-11">
         <path>.\</path>
         <kind>object</kind>
         <file>Serial.obj</file>
         <name>Serial.obj</name>
      </input_file>
      <input_file id="fl-12">
         <path>.\</path>
         <kind>object</kind>
         <file>adc.obj</file>
         <name>adc.obj</name>
      </input_file>
      <input_file id="fl-13">
         <path>.\</path>
         <kind>object</kind>
         <file>commands.obj</file>
         <name>commands.obj</name>
      </input_file>
      <input_file id="fl-14">
         <path>.\</path>
         <kind>object</kind>
         <file>gpio.obj</file>
         <name>gpio.obj</name>
      </input_file>
      <input_file id="fl-15">
         <path>.\</path>
         <kind>object</kind>
         <file>main.obj</file>
         <name>main.obj</name>
      </input_file>
      <input_file id="fl-16">
         <path>.\</path>
         <kind>object</kind>
         <file>pwm.obj</file>
         <name>pwm.obj</name>
      </input_file>
      <input_file id="fl-1b">
         <kind>object</kind>
         <file>&lt;internal&gt;</file>
         <name>&lt;internal&gt;</name>
      </input_file>
      <input_file id="fl-27">
         <path>C:\TI\ccs930\ccs\tools\compiler\ti-cgt-c2000_18.12.4.LTS\lib\</path>
         <kind>archive</kind>
         <file>rts2800_fpu32.lib</file>
         <name>sprintf.c.obj</name>
      </input_file>
      <input_file id="fl-28">
         <path>C:\TI\ccs930\ccs\tools\compiler\ti-cgt-c2000_18.12.4.LTS\lib\</path>
         <kind>archive</kind>
         <file>rts2800_fpu32.lib</file>
         <name>boot28.asm.obj</name>
      </input_file>
      <input_file id="fl-29">
         <path>C:\TI\ccs930\ccs\tools\compiler\ti-cgt-c2000_18.12.4.LTS\lib\</path>
         <kind>archive</kind>
         <file>rts2800_fpu32.lib</file>
         <name>fs_div28.asm.obj</name>
      </input_file>
      <input_file id="fl-2a">
         <path>C:\TI\ccs930\ccs\tools\compiler\ti-cgt-c2000_18.12.4.LTS\lib\</path>
         <kind>archive</kind>
         <file>rts2800_fpu32.lib</file>
         <name>i_div28.asm.obj</name>
      </input_file>
      <input_file id="fl-2b">
         <path>C:\TI\ccs930\ccs\tools\compiler\ti-cgt-c2000_18.12.4.LTS\lib\</path>
         <kind>archive</kind>
         <file>rts2800_fpu32.lib</file>
         <name>l_div28.asm.obj</name>
      </input_file>
      <input_file id="fl-2c">
         <path>C:\TI\ccs930\ccs\tools\compiler\ti-cgt-c2000_18.12.4.LTS\lib\</path>
         <kind>archive</kind>
         <file>rts2800_fpu32.lib</file>
         <name>cpy_tbl.c.obj</name>
      </input_file>
      <input_file id="fl-2d">
         <path>C:\TI\ccs930\ccs\tools\compiler\ti-cgt-c2000_18.12.4.LTS\lib\</path>
         <kind>archive</kind>
         <file>rts2800_fpu32.lib</file>
         <name>memcpy.c.obj</name>
      </input_file>
      <input_file id="fl-2e">
         <path>C:\TI\ccs930\ccs\tools\compiler\ti-cgt-c2000_18.12.4.LTS\lib\</path>
         <kind>archive</kind>
         <file>rts2800_fpu32.lib</file>
         <name>pre_init.c.obj</name>
      </input_file>
      <input_file id="fl-2f">
         <path>C:\TI\ccs930\ccs\tools\compiler\ti-cgt-c2000_18.12.4.LTS\lib\</path>
         <kind>archive</kind>
         <file>rts2800_fpu32.lib</file>
         <name>startup.c.obj</name>
      </input_file>
      <input_file id="fl-30">
         <path>C:\TI\ccs930\ccs\tools\compiler\ti-cgt-c2000_18.12.4.LTS\lib\</path>
         <kind>archive</kind>
         <file>rts2800_fpu32.lib</file>
         <name>exit.c.obj</name>
      </input_file>
      <input_file id="fl-31">
         <path>C:\TI\ccs930\ccs\tools\compiler\ti-cgt-c2000_18.12.4.LTS\lib\</path>
         <kind>archive</kind>
         <file>rts2800_fpu32.lib</file>
         <name>_lock.c.obj</name>
      </input_file>
      <input_file id="fl-32">
         <path>C:\TI\ccs930\ccs\tools\compiler\ti-cgt-c2000_18.12.4.LTS\lib\</path>
         <kind>archive</kind>
         <file>rts2800_fpu32.lib</file>
         <name>args_main.c.obj</name>
      </input_file>
      <input_file id="fl-33">
         <path>C:\TI\ccs930\ccs\tools\compiler\ti-cgt-c2000_18.12.4.LTS\lib\</path>
         <kind>archive</kind>
         <file>rts2800_fpu32.lib</file>
         <name>_printfi.c.obj</name>
      </input_file>
      <input_file id="fl-34">
         <path>C:\TI\ccs930\ccs\tools\compiler\ti-cgt-c2000_18.12.4.LTS\lib\</path>
         <kind>archive</kind>
         <file>rts2800_fpu32.lib</file>
         <name>fd_cmp28.asm.obj</name>
      </input_file>
      <input_file id="fl-35">
         <path>C:\TI\ccs930\ccs\tools\compiler\ti-cgt-c2000_18.12.4.LTS\lib\</path>
         <kind>archive</kind>
         <file>rts2800_fpu32.lib</file>
         <name>fd_mpy28.asm.obj</name>
      </input_file>
      <input_file id="fl-36">
         <path>C:\TI\ccs930\ccs\tools\compiler\ti-cgt-c2000_18.12.4.LTS\lib\</path>
         <kind>archive</kind>
         <file>rts2800_fpu32.lib</file>
         <name>fd_neg28.asm.obj</name>
      </input_file>
      <input_file id="fl-37">
         <path>C:\TI\ccs930\ccs\tools\compiler\ti-cgt-c2000_18.12.4.LTS\lib\</path>
         <kind>archive</kind>
         <file>rts2800_fpu32.lib</file>
         <name>fd_sub28.asm.obj</name>
      </input_file>
      <input_file id="fl-38">
         <path>C:\TI\ccs930\ccs\tools\compiler\ti-cgt-c2000_18.12.4.LTS\lib\</path>
         <kind>archive</kind>
         <file>rts2800_fpu32.lib</file>
         <name>fd_toi28.asm.obj</name>
      </input_file>
      <input_file id="fl-39">
         <path>C:\TI\ccs930\ccs\tools\compiler\ti-cgt-c2000_18.12.4.LTS\lib\</path>
         <kind>archive</kind>
         <file>rts2800_fpu32.lib</file>
         <name>fd_tol28.asm.obj</name>
      </input_file>
      <input_file id="fl-3a">
         <path>C:\TI\ccs930\ccs\tools\compiler\ti-cgt-c2000_18.12.4.LTS\lib\</path>
         <kind>archive</kind>
         <file>rts2800_fpu32.lib</file>
         <name>ll_aox28.asm.obj</name>
      </input_file>
      <input_file id="fl-3b">
         <path>C:\TI\ccs930\ccs\tools\compiler\ti-cgt-c2000_18.12.4.LTS\lib\</path>
         <kind>archive</kind>
         <file>rts2800_fpu32.lib</file>
         <name>ll_cmp28.asm.obj</name>
      </input_file>
      <input_file id="fl-3c">
         <path>C:\TI\ccs930\ccs\tools\compiler\ti-cgt-c2000_18.12.4.LTS\lib\</path>
         <kind>archive</kind>
         <file>rts2800_fpu32.lib</file>
         <name>ll_div28.asm.obj</name>
      </input_file>
      <input_file id="fl-3d">
         <path>C:\TI\ccs930\ccs\tools\compiler\ti-cgt-c2000_18.12.4.LTS\lib\</path>
         <kind>archive</kind>
         <file>rts2800_fpu32.lib</file>
         <name>i_tofd28.asm.obj</name>
      </input_file>
      <input_file id="fl-3e">
         <path>C:\TI\ccs930\ccs\tools\compiler\ti-cgt-c2000_18.12.4.LTS\lib\</path>
         <kind>archive</kind>
         <file>rts2800_fpu32.lib</file>
         <name>l_tofd28.asm.obj</name>
      </input_file>
      <input_file id="fl-3f">
         <path>C:\TI\ccs930\ccs\tools\compiler\ti-cgt-c2000_18.12.4.LTS\lib\</path>
         <kind>archive</kind>
         <file>rts2800_fpu32.lib</file>
         <name>fs_tofdfpu32.asm.obj</name>
      </input_file>
      <input_file id="fl-40">
         <path>C:\TI\ccs930\ccs\tools\compiler\ti-cgt-c2000_18.12.4.LTS\lib\</path>
         <kind>archive</kind>
         <file>rts2800_fpu32.lib</file>
         <name>fd_div28.asm.obj</name>
      </input_file>
      <input_file id="fl-41">
         <path>C:\TI\ccs930\ccs\tools\compiler\ti-cgt-c2000_18.12.4.LTS\lib\</path>
         <kind>archive</kind>
         <file>rts2800_fpu32.lib</file>
         <name>atoi.c.obj</name>
      </input_file>
      <input_file id="fl-42">
         <path>C:\TI\ccs930\ccs\tools\compiler\ti-cgt-c2000_18.12.4.LTS\lib\</path>
         <kind>archive</kind>
         <file>rts2800_fpu32.lib</file>
         <name>ctype.c.obj</name>
      </input_file>
      <input_file id="fl-43">
         <path>C:\TI\ccs930\ccs\tools\compiler\ti-cgt-c2000_18.12.4.LTS\lib\</path>
         <kind>archive</kind>
         <file>rts2800_fpu32.lib</file>
         <name>ltoa.c.obj</name>
      </input_file>
      <input_file id="fl-44">
         <path>C:\TI\ccs930\ccs\tools\compiler\ti-cgt-c2000_18.12.4.LTS\lib\</path>
         <kind>archive</kind>
         <file>rts2800_fpu32.lib</file>
         <name>memccpy.c.obj</name>
      </input_file>
      <input_file id="fl-45">
         <path>C:\TI\ccs930\ccs\tools\compiler\ti-cgt-c2000_18.12.4.LTS\lib\</path>
         <kind>archive</kind>
         <file>rts2800_fpu32.lib</file>
         <name>memset.c.obj</name>
      </input_file>
      <input_file id="fl-46">
         <path>C:\TI\ccs930\ccs\tools\compiler\ti-cgt-c2000_18.12.4.LTS\lib\</path>
         <kind>archive</kind>
         <file>rts2800_fpu32.lib</file>
         <name>strchr.c.obj</name>
      </input_file>
      <input_file id="fl-47">
         <path>C:\TI\ccs930\ccs\tools\compiler\ti-cgt-c2000_18.12.4.LTS\lib\</path>
         <kind>archive</kind>
         <file>rts2800_fpu32.lib</file>
         <name>strcpy.c.obj</name>
      </input_file>
      <input_file id="fl-48">
         <path>C:\TI\ccs930\ccs\tools\compiler\ti-cgt-c2000_18.12.4.LTS\lib\</path>
         <kind>archive</kind>
         <file>rts2800_fpu32.lib</file>
         <name>strlen.c.obj</name>
      </input_file>
      <input_file id="fl-49">
         <path>C:\TI\ccs930\ccs\tools\compiler\ti-cgt-c2000_18.12.4.LTS\lib\</path>
         <kind>archive</kind>
         <file>rts2800_fpu32.lib</file>
         <name>s_frexp.c.obj</name>
      </input_file>
      <input_file id="fl-4a">
         <path>C:\TI\ccs930\ccs\tools\compiler\ti-cgt-c2000_18.12.4.LTS\lib\</path>
         <kind>archive</kind>
         <file>rts2800_fpu32.lib</file>
         <name>s_scalbn.c.obj</name>
      </input_file>
      <input_file id="fl-4b">
         <path>C:\TI\ccs930\ccs\tools\compiler\ti-cgt-c2000_18.12.4.LTS\lib\</path>
         <kind>archive</kind>
         <file>rts2800_fpu32.lib</file>
         <name>wcslen.c.obj</name>
      </input_file>
      <input_file id="fl-4c">
         <path>C:\TI\ccs930\ccs\tools\compiler\ti-cgt-c2000_18.12.4.LTS\lib\</path>
         <kind>archive</kind>
         <file>rts2800_fpu32.lib</file>
         <name>s_copysign.c.obj</name>
      </input_file>
      <input_file id="fl-4d">
         <path>C:\TI\ccs930\ccs\tools\compiler\ti-cgt-c2000_18.12.4.LTS\lib\</path>
         <kind>archive</kind>
         <file>rts2800_fpu32.lib</file>
         <name>fd_add28.asm.obj</name>
      </input_file>
      <input_file id="fl-4e">
         <path>C:\TI\ccs930\ccs\tools\compiler\ti-cgt-c2000_18.12.4.LTS\lib\</path>
         <kind>archive</kind>
         <file>rts2800_fpu32.lib</file>
         <name>errno.c.obj</name>
      </input_file>
   </input_file_list>
   <object_component_list>
      <object_component id="oc-f7">
         <name>.cinit</name>
         <load_address>0x3f64c5</load_address>
         <run_address>0x3f64c5</run_address>
         <size>0x3c</size>
         <input_file_ref idref="fl-15"/>
      </object_component>
      <object_component id="oc-cd">
         <name>.cinit</name>
         <load_address>0x3f6501</load_address>
         <run_address>0x3f6501</run_address>
         <size>0x31</size>
         <input_file_ref idref="fl-f"/>
      </object_component>
      <object_component id="oc-1d9">
         <name>.cinit:_func</name>
         <load_address>0x3f6532</load_address>
         <run_address>0x3f6532</run_address>
         <size>0xf</size>
         <input_file_ref idref="fl-13"/>
      </object_component>
      <object_component id="oc-133">
         <name>.cinit</name>
         <load_address>0x3f6541</load_address>
         <run_address>0x3f6541</run_address>
         <size>0xe</size>
         <input_file_ref idref="fl-30"/>
      </object_component>
      <object_component id="oc-1df">
         <name>.cinit:_num</name>
         <load_address>0x3f654f</load_address>
         <run_address>0x3f654f</run_address>
         <size>0xd</size>
         <input_file_ref idref="fl-12"/>
      </object_component>
      <object_component id="oc-dc">
         <name>.cinit</name>
         <load_address>0x3f655c</load_address>
         <run_address>0x3f655c</run_address>
         <size>0x8</size>
         <input_file_ref idref="fl-11"/>
      </object_component>
      <object_component id="oc-d4">
         <name>.cinit</name>
         <load_address>0x3f6564</load_address>
         <run_address>0x3f6564</run_address>
         <size>0x5</size>
         <input_file_ref idref="fl-10"/>
      </object_component>
      <object_component id="oc-1dd">
         <name>.cinit:__lock</name>
         <load_address>0x3f6569</load_address>
         <run_address>0x3f6569</run_address>
         <size>0x5</size>
         <input_file_ref idref="fl-31"/>
      </object_component>
      <object_component id="oc-1ed">
         <name>.cinit:__unlock</name>
         <load_address>0x3f656e</load_address>
         <run_address>0x3f656e</run_address>
         <size>0x5</size>
         <input_file_ref idref="fl-31"/>
      </object_component>
      <object_component id="oc-ea">
         <name>.cinit</name>
         <load_address>0x3f6573</load_address>
         <run_address>0x3f6573</run_address>
         <size>0x5</size>
         <input_file_ref idref="fl-13"/>
      </object_component>
      <object_component id="oc-fe">
         <name>.cinit</name>
         <load_address>0x3f6578</load_address>
         <run_address>0x3f6578</run_address>
         <size>0x4</size>
         <input_file_ref idref="fl-16"/>
      </object_component>
      <object_component id="oc-1cc">
         <name>.cinit</name>
         <load_address>0x3f657c</load_address>
         <run_address>0x3f657c</run_address>
         <size>0x4</size>
         <input_file_ref idref="fl-4e"/>
      </object_component>
      <object_component id="oc-1ef">
         <name>.text</name>
         <load_address>0x3f4000</load_address>
         <run_address>0x3f4000</run_address>
         <size>0xce3</size>
         <input_file_ref idref="fl-33"/>
      </object_component>
      <object_component id="oc-69">
         <name>.text:retain</name>
         <load_address>0x3f4ce3</load_address>
         <run_address>0x3f4ce3</run_address>
         <size>0x39b</size>
         <input_file_ref idref="fl-6"/>
      </object_component>
      <object_component id="oc-1e9">
         <name>.text</name>
         <load_address>0x3f507e</load_address>
         <run_address>0x3f507e</run_address>
         <size>0x23a</size>
         <input_file_ref idref="fl-2"/>
      </object_component>
      <object_component id="oc-1e4">
         <name>.text</name>
         <load_address>0x3f52b8</load_address>
         <run_address>0x3f52b8</run_address>
         <size>0x192</size>
         <input_file_ref idref="fl-b"/>
      </object_component>
      <object_component id="oc-1d4">
         <name>.text</name>
         <load_address>0x3f544a</load_address>
         <run_address>0x3f544a</run_address>
         <size>0x121</size>
         <input_file_ref idref="fl-12"/>
      </object_component>
      <object_component id="oc-172">
         <name>.text</name>
         <load_address>0x3f556b</load_address>
         <run_address>0x3f556b</run_address>
         <size>0x107</size>
         <input_file_ref idref="fl-3c"/>
      </object_component>
      <object_component id="oc-1d5">
         <name>.text</name>
         <load_address>0x3f5672</load_address>
         <run_address>0x3f5672</run_address>
         <size>0xf4</size>
         <input_file_ref idref="fl-f"/>
      </object_component>
      <object_component id="oc-1f8">
         <name>.text</name>
         <load_address>0x3f5766</load_address>
         <run_address>0x3f5766</run_address>
         <size>0xae</size>
         <input_file_ref idref="fl-4a"/>
      </object_component>
      <object_component id="oc-d6">
         <name>.text:retain</name>
         <load_address>0x3f5814</load_address>
         <run_address>0x3f5814</run_address>
         <size>0xad</size>
         <input_file_ref idref="fl-10"/>
      </object_component>
      <object_component id="oc-1c6">
         <name>.text</name>
         <load_address>0x3f58c1</load_address>
         <run_address>0x3f58c1</run_address>
         <size>0x9c</size>
         <input_file_ref idref="fl-4d"/>
      </object_component>
      <object_component id="oc-1d6">
         <name>.text</name>
         <load_address>0x3f595d</load_address>
         <run_address>0x3f595d</run_address>
         <size>0x8c</size>
         <input_file_ref idref="fl-16"/>
      </object_component>
      <object_component id="oc-186">
         <name>.text</name>
         <load_address>0x3f59e9</load_address>
         <run_address>0x3f59e9</run_address>
         <size>0x8b</size>
         <input_file_ref idref="fl-40"/>
      </object_component>
      <object_component id="oc-10f">
         <name>.text</name>
         <load_address>0x3f5a74</load_address>
         <run_address>0x3f5a74</run_address>
         <size>0x88</size>
         <input_file_ref idref="fl-29"/>
      </object_component>
      <object_component id="oc-14f">
         <name>.text</name>
         <load_address>0x3f5afc</load_address>
         <run_address>0x3f5afc</run_address>
         <size>0x83</size>
         <input_file_ref idref="fl-35"/>
      </object_component>
      <object_component id="oc-1d8">
         <name>.text</name>
         <load_address>0x3f5b7f</load_address>
         <run_address>0x3f5b7f</run_address>
         <size>0x82</size>
         <input_file_ref idref="fl-13"/>
      </object_component>
      <object_component id="oc-1f2">
         <name>.text</name>
         <load_address>0x3f5c01</load_address>
         <run_address>0x3f5c01</run_address>
         <size>0x76</size>
         <input_file_ref idref="fl-5"/>
      </object_component>
      <object_component id="oc-1e0">
         <name>.text</name>
         <load_address>0x3f5c77</load_address>
         <run_address>0x3f5c77</run_address>
         <size>0x6c</size>
         <input_file_ref idref="fl-11"/>
      </object_component>
      <object_component id="oc-1f7">
         <name>.text</name>
         <load_address>0x3f5ce3</load_address>
         <run_address>0x3f5ce3</run_address>
         <size>0x5a</size>
         <input_file_ref idref="fl-49"/>
      </object_component>
      <object_component id="oc-de">
         <name>.text:retain</name>
         <load_address>0x3f5d3d</load_address>
         <run_address>0x3f5d3d</run_address>
         <size>0x58</size>
         <input_file_ref idref="fl-11"/>
      </object_component>
      <object_component id="oc-54">
         <name>.text</name>
         <load_address>0x3f5d95</load_address>
         <run_address>0x3f5d95</run_address>
         <size>0x56</size>
         <input_file_ref idref="fl-28"/>
      </object_component>
      <object_component id="oc-1eb">
         <name>.text</name>
         <load_address>0x3f5deb</load_address>
         <run_address>0x3f5deb</run_address>
         <size>0x53</size>
         <input_file_ref idref="fl-14"/>
      </object_component>
      <object_component id="oc-1ea">
         <name>.text</name>
         <load_address>0x3f5e3e</load_address>
         <run_address>0x3f5e3e</run_address>
         <size>0x3d</size>
         <input_file_ref idref="fl-10"/>
      </object_component>
      <object_component id="oc-1db">
         <name>.text</name>
         <load_address>0x3f5e7b</load_address>
         <run_address>0x3f5e7b</run_address>
         <size>0x39</size>
         <input_file_ref idref="fl-15"/>
      </object_component>
      <object_component id="oc-1e1">
         <name>.text</name>
         <load_address>0x3f5eb4</load_address>
         <run_address>0x3f5eb4</run_address>
         <size>0x32</size>
         <input_file_ref idref="fl-27"/>
      </object_component>
      <object_component id="oc-1f4">
         <name>.text</name>
         <load_address>0x3f5ee6</load_address>
         <run_address>0x3f5ee6</run_address>
         <size>0x31</size>
         <input_file_ref idref="fl-41"/>
      </object_component>
      <object_component id="oc-1e8">
         <name>.text</name>
         <load_address>0x3f5f17</load_address>
         <run_address>0x3f5f17</run_address>
         <size>0x30</size>
         <input_file_ref idref="fl-a"/>
      </object_component>
      <object_component id="oc-1f6">
         <name>.text</name>
         <load_address>0x3f5f47</load_address>
         <run_address>0x3f5f47</run_address>
         <size>0x30</size>
         <input_file_ref idref="fl-43"/>
      </object_component>
      <object_component id="oc-14a">
         <name>.text</name>
         <load_address>0x3f5f77</load_address>
         <run_address>0x3f5f77</run_address>
         <size>0x2a</size>
         <input_file_ref idref="fl-34"/>
      </object_component>
      <object_component id="oc-119">
         <name>.text</name>
         <load_address>0x3f5fa1</load_address>
         <run_address>0x3f5fa1</run_address>
         <size>0x2a</size>
         <input_file_ref idref="fl-2b"/>
      </object_component>
      <object_component id="oc-1d3">
         <name>.text</name>
         <load_address>0x3f5fcb</load_address>
         <run_address>0x3f5fcb</run_address>
         <size>0x29</size>
         <input_file_ref idref="fl-30"/>
      </object_component>
      <object_component id="oc-1e5">
         <name>.text</name>
         <load_address>0x3f5ff4</load_address>
         <run_address>0x3f5ff4</run_address>
         <size>0x28</size>
         <input_file_ref idref="fl-8"/>
      </object_component>
      <object_component id="oc-1e6">
         <name>.text</name>
         <load_address>0x3f601c</load_address>
         <run_address>0x3f601c</run_address>
         <size>0x26</size>
         <input_file_ref idref="fl-9"/>
      </object_component>
      <object_component id="oc-1ff">
         <name>.text</name>
         <load_address>0x3f6042</load_address>
         <run_address>0x3f6042</run_address>
         <size>0x25</size>
         <input_file_ref idref="fl-4c"/>
      </object_component>
      <object_component id="oc-1d0">
         <name>.text</name>
         <load_address>0x3f6067</load_address>
         <run_address>0x3f6067</run_address>
         <size>0x24</size>
         <input_file_ref idref="fl-2c"/>
      </object_component>
      <object_component id="oc-114">
         <name>.text</name>
         <load_address>0x3f608b</load_address>
         <run_address>0x3f608b</run_address>
         <size>0x22</size>
         <input_file_ref idref="fl-2a"/>
      </object_component>
      <object_component id="oc-15e">
         <name>.text</name>
         <load_address>0x3f60ad</load_address>
         <run_address>0x3f60ad</run_address>
         <size>0x21</size>
         <input_file_ref idref="fl-38"/>
      </object_component>
      <object_component id="oc-163">
         <name>.text</name>
         <load_address>0x3f60ce</load_address>
         <run_address>0x3f60ce</run_address>
         <size>0x1f</size>
         <input_file_ref idref="fl-39"/>
      </object_component>
      <object_component id="oc-16d">
         <name>.text</name>
         <load_address>0x3f60ed</load_address>
         <run_address>0x3f60ed</run_address>
         <size>0x1e</size>
         <input_file_ref idref="fl-3b"/>
      </object_component>
      <object_component id="oc-177">
         <name>.text</name>
         <load_address>0x3f610b</load_address>
         <run_address>0x3f610b</run_address>
         <size>0x1d</size>
         <input_file_ref idref="fl-3d"/>
      </object_component>
      <object_component id="oc-1da">
         <name>.text</name>
         <load_address>0x3f6128</load_address>
         <run_address>0x3f6128</run_address>
         <size>0x1d</size>
         <input_file_ref idref="fl-2d"/>
      </object_component>
      <object_component id="oc-181">
         <name>.text</name>
         <load_address>0x3f6145</load_address>
         <run_address>0x3f6145</run_address>
         <size>0x1c</size>
         <input_file_ref idref="fl-3f"/>
      </object_component>
      <object_component id="oc-17c">
         <name>.text</name>
         <load_address>0x3f6161</load_address>
         <run_address>0x3f6161</run_address>
         <size>0x1c</size>
         <input_file_ref idref="fl-3e"/>
      </object_component>
      <object_component id="oc-1d2">
         <name>.text</name>
         <load_address>0x3f617d</load_address>
         <run_address>0x3f617d</run_address>
         <size>0x19</size>
         <input_file_ref idref="fl-32"/>
      </object_component>
      <object_component id="oc-168">
         <name>.text</name>
         <load_address>0x3f6196</load_address>
         <run_address>0x3f6196</run_address>
         <size>0x18</size>
         <input_file_ref idref="fl-3a"/>
      </object_component>
      <object_component id="oc-159">
         <name>.text</name>
         <load_address>0x3f61ae</load_address>
         <run_address>0x3f61ae</run_address>
         <size>0xe</size>
         <input_file_ref idref="fl-37"/>
      </object_component>
      <object_component id="oc-1e7">
         <name>.text</name>
         <load_address>0x3f61bc</load_address>
         <run_address>0x3f61bc</run_address>
         <size>0xd</size>
         <input_file_ref idref="fl-d"/>
      </object_component>
      <object_component id="oc-1fc">
         <name>.text</name>
         <load_address>0x3f61c9</load_address>
         <run_address>0x3f61c9</run_address>
         <size>0xd</size>
         <input_file_ref idref="fl-44"/>
      </object_component>
      <object_component id="oc-1f9">
         <name>.text</name>
         <load_address>0x3f61d6</load_address>
         <run_address>0x3f61d6</run_address>
         <size>0xc</size>
         <input_file_ref idref="fl-46"/>
      </object_component>
      <object_component id="oc-1ec">
         <name>.text</name>
         <load_address>0x3f61e2</load_address>
         <run_address>0x3f61e2</run_address>
         <size>0x9</size>
         <input_file_ref idref="fl-31"/>
      </object_component>
      <object_component id="oc-154">
         <name>.text</name>
         <load_address>0x3f61eb</load_address>
         <run_address>0x3f61eb</run_address>
         <size>0x9</size>
         <input_file_ref idref="fl-36"/>
      </object_component>
      <object_component id="oc-1fd">
         <name>.text</name>
         <load_address>0x3f61f4</load_address>
         <run_address>0x3f61f4</run_address>
         <size>0x9</size>
         <input_file_ref idref="fl-4b"/>
      </object_component>
      <object_component id="oc-5c">
         <name>.text</name>
         <load_address>0x3f61fd</load_address>
         <run_address>0x3f61fd</run_address>
         <size>0x8</size>
         <input_file_ref idref="fl-4"/>
      </object_component>
      <object_component id="oc-1f5">
         <name>.text</name>
         <load_address>0x3f6205</load_address>
         <run_address>0x3f6205</run_address>
         <size>0x8</size>
         <input_file_ref idref="fl-48"/>
      </object_component>
      <object_component id="oc-1fa">
         <name>.text</name>
         <load_address>0x3f620d</load_address>
         <run_address>0x3f620d</run_address>
         <size>0x7</size>
         <input_file_ref idref="fl-45"/>
      </object_component>
      <object_component id="oc-1fb">
         <name>.text</name>
         <load_address>0x3f6214</load_address>
         <run_address>0x3f6214</run_address>
         <size>0x5</size>
         <input_file_ref idref="fl-47"/>
      </object_component>
      <object_component id="oc-1cf">
         <name>.text</name>
         <load_address>0x3f6219</load_address>
         <run_address>0x3f6219</run_address>
         <size>0x2</size>
         <input_file_ref idref="fl-2e"/>
      </object_component>
      <object_component id="oc-1d1">
         <name>.text</name>
         <load_address>0x3f621b</load_address>
         <run_address>0x3f621b</run_address>
         <size>0x1</size>
         <input_file_ref idref="fl-2f"/>
      </object_component>
      <object_component id="oc-5d">
         <name>codestart</name>
         <load_address>0x3f7ff6</load_address>
         <run_address>0x3f7ff6</run_address>
         <size>0x2</size>
         <input_file_ref idref="fl-4"/>
      </object_component>
      <object_component id="oc-1f1">
         <name>ramfuncs</name>
         <load_address>0x3e8000</load_address>
         <run_address>0x8000</run_address>
         <size>0x1b</size>
         <input_file_ref idref="fl-b"/>
      </object_component>
      <object_component id="oc-bd">
         <name>ramfuncs</name>
         <load_address>0x3e801b</load_address>
         <run_address>0x801b</run_address>
         <size>0x4</size>
         <input_file_ref idref="fl-c"/>
      </object_component>
      <object_component id="oc-5a">
         <name>csmpasswds</name>
         <load_address>0x3f7ff8</load_address>
         <run_address>0x3f7ff8</run_address>
         <size>0x8</size>
         <input_file_ref idref="fl-3"/>
      </object_component>
      <object_component id="oc-5b">
         <name>csm_rsvd</name>
         <load_address>0x3f7f80</load_address>
         <run_address>0x3f7f80</run_address>
         <size>0x76</size>
         <input_file_ref idref="fl-3"/>
      </object_component>
      <object_component id="oc-109">
         <name>.stack</name>
         <uninitialized>true</uninitialized>
         <run_address>0x50</run_address>
         <size>0x0</size>
         <input_file_ref idref="fl-28"/>
      </object_component>
      <object_component id="oc-25b">
         <name>.stack</name>
         <uninitialized>true</uninitialized>
         <run_address>0x50</run_address>
         <size>0x0</size>
      </object_component>
      <object_component id="oc-63">
         <name>.ebss</name>
         <uninitialized>true</uninitialized>
         <run_address>0xa0c8</run_address>
         <size>0x18</size>
         <input_file_ref idref="fl-5"/>
      </object_component>
      <object_component id="oc-ce">
         <name>.ebss</name>
         <uninitialized>true</uninitialized>
         <run_address>0xa100</run_address>
         <size>0x10</size>
         <input_file_ref idref="fl-f"/>
      </object_component>
      <object_component id="oc-d5">
         <name>.ebss</name>
         <uninitialized>true</uninitialized>
         <run_address>0xa110</run_address>
         <size>0x6</size>
         <input_file_ref idref="fl-10"/>
      </object_component>
      <object_component id="oc-dd">
         <name>.ebss</name>
         <uninitialized>true</uninitialized>
         <run_address>0xa126</run_address>
         <size>0x3</size>
         <input_file_ref idref="fl-11"/>
      </object_component>
      <object_component id="oc-1ee">
         <name>.ebss:_sdataA</name>
         <uninitialized>true</uninitialized>
         <run_address>0xa121</run_address>
         <size>0x5</size>
         <input_file_ref idref="fl-11"/>
      </object_component>
      <object_component id="oc-1d7">
         <name>.ebss:_rdataA</name>
         <uninitialized>true</uninitialized>
         <run_address>0xa11c</run_address>
         <size>0x5</size>
         <input_file_ref idref="fl-11"/>
      </object_component>
      <object_component id="oc-e4">
         <name>.ebss</name>
         <uninitialized>true</uninitialized>
         <run_address>0xa129</run_address>
         <size>0x1</size>
         <input_file_ref idref="fl-12"/>
      </object_component>
      <object_component id="oc-1de">
         <name>.ebss:_num</name>
         <uninitialized>true</uninitialized>
         <run_address>0xa0f6</run_address>
         <size>0xa</size>
         <input_file_ref idref="fl-12"/>
      </object_component>
      <object_component id="oc-eb">
         <name>.ebss</name>
         <uninitialized>true</uninitialized>
         <run_address>0xa12e</run_address>
         <size>0x2</size>
         <input_file_ref idref="fl-13"/>
      </object_component>
      <object_component id="oc-1e3">
         <name>.ebss:_func</name>
         <uninitialized>true</uninitialized>
         <run_address>0xa000</run_address>
         <size>0xc8</size>
         <input_file_ref idref="fl-13"/>
      </object_component>
      <object_component id="oc-f8">
         <name>.ebss</name>
         <uninitialized>true</uninitialized>
         <run_address>0xa0e0</run_address>
         <size>0x16</size>
         <input_file_ref idref="fl-15"/>
      </object_component>
      <object_component id="oc-ff">
         <name>.ebss</name>
         <uninitialized>true</uninitialized>
         <run_address>0xa130</run_address>
         <size>0x1</size>
         <input_file_ref idref="fl-16"/>
      </object_component>
      <object_component id="oc-134">
         <name>.ebss</name>
         <uninitialized>true</uninitialized>
         <run_address>0xa116</run_address>
         <size>0x6</size>
         <input_file_ref idref="fl-30"/>
      </object_component>
      <object_component id="oc-1dc">
         <name>.ebss:__lock</name>
         <uninitialized>true</uninitialized>
         <run_address>0xa12a</run_address>
         <size>0x2</size>
         <input_file_ref idref="fl-31"/>
      </object_component>
      <object_component id="oc-1f3">
         <name>.ebss:__unlock</name>
         <uninitialized>true</uninitialized>
         <run_address>0xa12c</run_address>
         <size>0x2</size>
         <input_file_ref idref="fl-31"/>
      </object_component>
      <object_component id="oc-1cd">
         <name>.ebss</name>
         <uninitialized>true</uninitialized>
         <run_address>0xa131</run_address>
         <size>0x1</size>
         <input_file_ref idref="fl-4e"/>
      </object_component>
      <object_component id="oc-1fe">
         <name>.econst:.string:__ctypes_</name>
         <load_address>0x3f621c</load_address>
         <run_address>0x3f621c</run_address>
         <size>0x101</size>
         <input_file_ref idref="fl-42"/>
      </object_component>
      <object_component id="oc-1f0">
         <name>.econst:_PieVectTableInit</name>
         <load_address>0x3f631e</load_address>
         <run_address>0x3f631e</run_address>
         <size>0x100</size>
         <input_file_ref idref="fl-9"/>
      </object_component>
      <object_component id="oc-ec">
         <name>.econst:.string</name>
         <load_address>0x3f641e</load_address>
         <run_address>0x3f641e</run_address>
         <size>0x3d</size>
         <input_file_ref idref="fl-13"/>
      </object_component>
      <object_component id="oc-145">
         <name>.econst:.string</name>
         <load_address>0x3f645c</load_address>
         <run_address>0x3f645c</run_address>
         <size>0x26</size>
         <input_file_ref idref="fl-33"/>
      </object_component>
      <object_component id="oc-144">
         <name>.econst</name>
         <load_address>0x3f6482</load_address>
         <run_address>0x3f6482</run_address>
         <size>0x1c</size>
         <input_file_ref idref="fl-33"/>
      </object_component>
      <object_component id="oc-1b7">
         <name>.econst</name>
         <load_address>0x3f649e</load_address>
         <run_address>0x3f649e</run_address>
         <size>0x1c</size>
         <input_file_ref idref="fl-4a"/>
      </object_component>
      <object_component id="oc-1b1">
         <name>.econst</name>
         <load_address>0x3f64ba</load_address>
         <run_address>0x3f64ba</run_address>
         <size>0x8</size>
         <input_file_ref idref="fl-49"/>
      </object_component>
      <object_component id="oc-1e2">
         <name>.econst:.string:_$P$T0$1</name>
         <load_address>0x3f64c2</load_address>
         <run_address>0x3f64c2</run_address>
         <size>0x3</size>
         <input_file_ref idref="fl-13"/>
      </object_component>
      <object_component id="oc-10a">
         <name>.reset</name>
         <load_address>0x3fffc0</load_address>
         <run_address>0x3fffc0</run_address>
         <size>0x2</size>
         <input_file_ref idref="fl-28"/>
      </object_component>
      <object_component id="oc-a6">
         <name>PieVectTableFile</name>
         <uninitialized>true</uninitialized>
         <run_address>0xd00</run_address>
         <size>0x100</size>
         <input_file_ref idref="fl-7"/>
      </object_component>
      <object_component id="oc-70">
         <name>EmuKeyVar</name>
         <uninitialized>true</uninitialized>
         <run_address>0xd00</run_address>
         <size>0x1</size>
         <input_file_ref idref="fl-7"/>
      </object_component>
      <object_component id="oc-71">
         <name>EmuBModeVar</name>
         <uninitialized>true</uninitialized>
         <run_address>0xd01</run_address>
         <size>0x1</size>
         <input_file_ref idref="fl-7"/>
      </object_component>
      <object_component id="oc-73">
         <name>FlashCallbackVar</name>
         <uninitialized>true</uninitialized>
         <run_address>0xd02</run_address>
         <size>0x2</size>
         <input_file_ref idref="fl-7"/>
      </object_component>
      <object_component id="oc-72">
         <name>FlashScalingVar</name>
         <uninitialized>true</uninitialized>
         <run_address>0xd04</run_address>
         <size>0x2</size>
         <input_file_ref idref="fl-7"/>
      </object_component>
      <object_component id="oc-75">
         <name>DevEmuRegsFile</name>
         <uninitialized>true</uninitialized>
         <run_address>0x880</run_address>
         <size>0x4</size>
         <input_file_ref idref="fl-7"/>
      </object_component>
      <object_component id="oc-74">
         <name>SysPwrCtrlRegsFile</name>
         <uninitialized>true</uninitialized>
         <run_address>0x985</run_address>
         <size>0x3</size>
         <input_file_ref idref="fl-7"/>
      </object_component>
      <object_component id="oc-7a">
         <name>FlashRegsFile</name>
         <uninitialized>true</uninitialized>
         <run_address>0xa80</run_address>
         <size>0x8</size>
         <input_file_ref idref="fl-7"/>
      </object_component>
      <object_component id="oc-7c">
         <name>CsmRegsFile</name>
         <uninitialized>true</uninitialized>
         <run_address>0xae0</run_address>
         <size>0x10</size>
         <input_file_ref idref="fl-7"/>
      </object_component>
      <object_component id="oc-7b">
         <name>AdcResultFile</name>
         <uninitialized>true</uninitialized>
         <run_address>0xb00</run_address>
         <size>0x10</size>
         <input_file_ref idref="fl-7"/>
      </object_component>
      <object_component id="oc-76">
         <name>CpuTimer0RegsFile</name>
         <uninitialized>true</uninitialized>
         <run_address>0xc00</run_address>
         <size>0x8</size>
         <input_file_ref idref="fl-7"/>
      </object_component>
      <object_component id="oc-77">
         <name>CpuTimer1RegsFile</name>
         <uninitialized>true</uninitialized>
         <run_address>0xc08</run_address>
         <size>0x8</size>
         <input_file_ref idref="fl-7"/>
      </object_component>
      <object_component id="oc-78">
         <name>CpuTimer2RegsFile</name>
         <uninitialized>true</uninitialized>
         <run_address>0xc10</run_address>
         <size>0x8</size>
         <input_file_ref idref="fl-7"/>
      </object_component>
      <object_component id="oc-86">
         <name>PieCtrlRegsFile</name>
         <uninitialized>true</uninitialized>
         <run_address>0xce0</run_address>
         <size>0x1a</size>
         <input_file_ref idref="fl-7"/>
      </object_component>
      <object_component id="oc-96">
         <name>Cla1RegsFile</name>
         <uninitialized>true</uninitialized>
         <run_address>0x1400</run_address>
         <size>0x40</size>
         <input_file_ref idref="fl-7"/>
      </object_component>
      <object_component id="oc-a4">
         <name>DmaRegsFile</name>
         <uninitialized>true</uninitialized>
         <run_address>0x1000</run_address>
         <size>0xe0</size>
         <input_file_ref idref="fl-7"/>
      </object_component>
      <object_component id="oc-95">
         <name>ECanaRegsFile</name>
         <uninitialized>true</uninitialized>
         <run_address>0x6000</run_address>
         <size>0x34</size>
         <input_file_ref idref="fl-7"/>
      </object_component>
      <object_component id="oc-97">
         <name>ECanaLAMRegsFile</name>
         <uninitialized>true</uninitialized>
         <run_address>0x6040</run_address>
         <size>0x40</size>
         <input_file_ref idref="fl-7"/>
      </object_component>
      <object_component id="oc-a5">
         <name>ECanaMboxesFile</name>
         <uninitialized>true</uninitialized>
         <run_address>0x6100</run_address>
         <size>0x100</size>
         <input_file_ref idref="fl-7"/>
      </object_component>
      <object_component id="oc-98">
         <name>ECanaMOTSRegsFile</name>
         <uninitialized>true</uninitialized>
         <run_address>0x6080</run_address>
         <size>0x40</size>
         <input_file_ref idref="fl-7"/>
      </object_component>
      <object_component id="oc-99">
         <name>ECanaMOTORegsFile</name>
         <uninitialized>true</uninitialized>
         <run_address>0x60c0</run_address>
         <size>0x40</size>
         <input_file_ref idref="fl-7"/>
      </object_component>
      <object_component id="oc-87">
         <name>ECap1RegsFile</name>
         <uninitialized>true</uninitialized>
         <run_address>0x6a00</run_address>
         <size>0x20</size>
         <input_file_ref idref="fl-7"/>
      </object_component>
      <object_component id="oc-88">
         <name>ECap2RegsFile</name>
         <uninitialized>true</uninitialized>
         <run_address>0x6a20</run_address>
         <size>0x20</size>
         <input_file_ref idref="fl-7"/>
      </object_component>
      <object_component id="oc-89">
         <name>ECap3RegsFile</name>
         <uninitialized>true</uninitialized>
         <run_address>0x6a40</run_address>
         <size>0x20</size>
         <input_file_ref idref="fl-7"/>
      </object_component>
      <object_component id="oc-90">
         <name>EQep1RegsFile</name>
         <uninitialized>true</uninitialized>
         <run_address>0x6b00</run_address>
         <size>0x22</size>
         <input_file_ref idref="fl-7"/>
      </object_component>
      <object_component id="oc-91">
         <name>EQep2RegsFile</name>
         <uninitialized>true</uninitialized>
         <run_address>0x6b40</run_address>
         <size>0x22</size>
         <input_file_ref idref="fl-7"/>
      </object_component>
      <object_component id="oc-a2">
         <name>GpioCtrlRegsFile</name>
         <uninitialized>true</uninitialized>
         <run_address>0x6f80</run_address>
         <size>0x40</size>
         <input_file_ref idref="fl-7"/>
      </object_component>
      <object_component id="oc-8a">
         <name>GpioDataRegsFile</name>
         <uninitialized>true</uninitialized>
         <run_address>0x6fc0</run_address>
         <size>0x20</size>
         <input_file_ref idref="fl-7"/>
      </object_component>
      <object_component id="oc-8b">
         <name>GpioIntRegsFile</name>
         <uninitialized>true</uninitialized>
         <run_address>0x6fe0</run_address>
         <size>0x20</size>
         <input_file_ref idref="fl-7"/>
      </object_component>
      <object_component id="oc-8c">
         <name>HRCap1RegsFile</name>
         <uninitialized>true</uninitialized>
         <run_address>0x6ac0</run_address>
         <size>0x20</size>
         <input_file_ref idref="fl-7"/>
      </object_component>
      <object_component id="oc-8d">
         <name>HRCap2RegsFile</name>
         <uninitialized>true</uninitialized>
         <run_address>0x6ae0</run_address>
         <size>0x20</size>
         <input_file_ref idref="fl-7"/>
      </object_component>
      <object_component id="oc-8e">
         <name>HRCap3RegsFile</name>
         <uninitialized>true</uninitialized>
         <run_address>0x6c80</run_address>
         <size>0x20</size>
         <input_file_ref idref="fl-7"/>
      </object_component>
      <object_component id="oc-8f">
         <name>HRCap4RegsFile</name>
         <uninitialized>true</uninitialized>
         <run_address>0x6ca0</run_address>
         <size>0x20</size>
         <input_file_ref idref="fl-7"/>
      </object_component>
      <object_component id="oc-94">
         <name>SysCtrlRegsFile</name>
         <uninitialized>true</uninitialized>
         <run_address>0x7010</run_address>
         <size>0x30</size>
         <input_file_ref idref="fl-7"/>
      </object_component>
      <object_component id="oc-80">
         <name>SpiaRegsFile</name>
         <uninitialized>true</uninitialized>
         <run_address>0x7040</run_address>
         <size>0x10</size>
         <input_file_ref idref="fl-7"/>
      </object_component>
      <object_component id="oc-81">
         <name>SpibRegsFile</name>
         <uninitialized>true</uninitialized>
         <run_address>0x7740</run_address>
         <size>0x10</size>
         <input_file_ref idref="fl-7"/>
      </object_component>
      <object_component id="oc-7e">
         <name>SciaRegsFile</name>
         <uninitialized>true</uninitialized>
         <run_address>0x7050</run_address>
         <size>0x10</size>
         <input_file_ref idref="fl-7"/>
      </object_component>
      <object_component id="oc-7f">
         <name>ScibRegsFile</name>
         <uninitialized>true</uninitialized>
         <run_address>0x7750</run_address>
         <size>0x10</size>
         <input_file_ref idref="fl-7"/>
      </object_component>
      <object_component id="oc-7d">
         <name>NmiIntruptRegsFile</name>
         <uninitialized>true</uninitialized>
         <run_address>0x7060</run_address>
         <size>0x10</size>
         <input_file_ref idref="fl-7"/>
      </object_component>
      <object_component id="oc-82">
         <name>XIntruptRegsFile</name>
         <uninitialized>true</uninitialized>
         <run_address>0x7070</run_address>
         <size>0x10</size>
         <input_file_ref idref="fl-7"/>
      </object_component>
      <object_component id="oc-a3">
         <name>AdcRegsFile</name>
         <uninitialized>true</uninitialized>
         <run_address>0x7100</run_address>
         <size>0x50</size>
         <input_file_ref idref="fl-7"/>
      </object_component>
      <object_component id="oc-92">
         <name>I2caRegsFile</name>
         <uninitialized>true</uninitialized>
         <run_address>0x7900</run_address>
         <size>0x22</size>
         <input_file_ref idref="fl-7"/>
      </object_component>
      <object_component id="oc-83">
         <name>Comp1RegsFile</name>
         <uninitialized>true</uninitialized>
         <run_address>0x6400</run_address>
         <size>0x14</size>
         <input_file_ref idref="fl-7"/>
      </object_component>
      <object_component id="oc-84">
         <name>Comp2RegsFile</name>
         <uninitialized>true</uninitialized>
         <run_address>0x6420</run_address>
         <size>0x14</size>
         <input_file_ref idref="fl-7"/>
      </object_component>
      <object_component id="oc-85">
         <name>Comp3RegsFile</name>
         <uninitialized>true</uninitialized>
         <run_address>0x6440</run_address>
         <size>0x14</size>
         <input_file_ref idref="fl-7"/>
      </object_component>
      <object_component id="oc-9a">
         <name>EPwm1RegsFile</name>
         <uninitialized>true</uninitialized>
         <run_address>0x6800</run_address>
         <size>0x40</size>
         <input_file_ref idref="fl-7"/>
      </object_component>
      <object_component id="oc-9b">
         <name>EPwm2RegsFile</name>
         <uninitialized>true</uninitialized>
         <run_address>0x6840</run_address>
         <size>0x40</size>
         <input_file_ref idref="fl-7"/>
      </object_component>
      <object_component id="oc-9c">
         <name>EPwm3RegsFile</name>
         <uninitialized>true</uninitialized>
         <run_address>0x6880</run_address>
         <size>0x40</size>
         <input_file_ref idref="fl-7"/>
      </object_component>
      <object_component id="oc-9d">
         <name>EPwm4RegsFile</name>
         <uninitialized>true</uninitialized>
         <run_address>0x68c0</run_address>
         <size>0x40</size>
         <input_file_ref idref="fl-7"/>
      </object_component>
      <object_component id="oc-9e">
         <name>EPwm5RegsFile</name>
         <uninitialized>true</uninitialized>
         <run_address>0x6900</run_address>
         <size>0x40</size>
         <input_file_ref idref="fl-7"/>
      </object_component>
      <object_component id="oc-9f">
         <name>EPwm6RegsFile</name>
         <uninitialized>true</uninitialized>
         <run_address>0x6940</run_address>
         <size>0x40</size>
         <input_file_ref idref="fl-7"/>
      </object_component>
      <object_component id="oc-a0">
         <name>EPwm7RegsFile</name>
         <uninitialized>true</uninitialized>
         <run_address>0x6980</run_address>
         <size>0x40</size>
         <input_file_ref idref="fl-7"/>
      </object_component>
      <object_component id="oc-a1">
         <name>EPwm8RegsFile</name>
         <uninitialized>true</uninitialized>
         <run_address>0x69c0</run_address>
         <size>0x40</size>
         <input_file_ref idref="fl-7"/>
      </object_component>
      <object_component id="oc-93">
         <name>McbspaRegsFile</name>
         <uninitialized>true</uninitialized>
         <run_address>0x5000</run_address>
         <size>0x24</size>
         <input_file_ref idref="fl-7"/>
      </object_component>
      <object_component id="oc-a7">
         <name>Usb0RegsFile</name>
         <uninitialized>true</uninitialized>
         <run_address>0x4000</run_address>
         <size>0x454</size>
         <input_file_ref idref="fl-7"/>
      </object_component>
      <object_component id="oc-79">
         <name>CsmPwlFile</name>
         <uninitialized>true</uninitialized>
         <run_address>0x3f7ff8</run_address>
         <size>0x8</size>
         <input_file_ref idref="fl-7"/>
      </object_component>
      <object_component id="oc-6f">
         <name>PartIdRegsFile</name>
         <uninitialized>true</uninitialized>
         <run_address>0x3d7e80</run_address>
         <size>0x1</size>
         <input_file_ref idref="fl-7"/>
      </object_component>
      <object_component id="oc-55">
         <name>.debug_info</name>
         <load_address>0x0</load_address>
         <run_address>0x0</run_address>
         <size>0x4f09</size>
         <input_file_ref idref="fl-2"/>
      </object_component>
      <object_component id="oc-5f">
         <name>.debug_info</name>
         <load_address>0x4f09</load_address>
         <run_address>0x4f09</run_address>
         <size>0x20c</size>
         <input_file_ref idref="fl-4"/>
      </object_component>
      <object_component id="oc-62">
         <name>.debug_info</name>
         <load_address>0x5115</load_address>
         <run_address>0x5115</run_address>
         <size>0xae0</size>
         <input_file_ref idref="fl-5"/>
      </object_component>
      <object_component id="oc-68">
         <name>.debug_info</name>
         <load_address>0x5bf5</load_address>
         <run_address>0x5bf5</run_address>
         <size>0x535f</size>
         <input_file_ref idref="fl-6"/>
      </object_component>
      <object_component id="oc-6e">
         <name>.debug_info</name>
         <load_address>0xaf54</load_address>
         <run_address>0xaf54</run_address>
         <size>0x1b098</size>
         <input_file_ref idref="fl-7"/>
      </object_component>
      <object_component id="oc-a9">
         <name>.debug_info</name>
         <load_address>0x25fec</load_address>
         <run_address>0x25fec</run_address>
         <size>0xc7a</size>
         <input_file_ref idref="fl-8"/>
      </object_component>
      <object_component id="oc-ae">
         <name>.debug_info</name>
         <load_address>0x26c66</load_address>
         <run_address>0x26c66</run_address>
         <size>0x2537</size>
         <input_file_ref idref="fl-9"/>
      </object_component>
      <object_component id="oc-b3">
         <name>.debug_info</name>
         <load_address>0x2919d</load_address>
         <run_address>0x2919d</run_address>
         <size>0x1c49</size>
         <input_file_ref idref="fl-a"/>
      </object_component>
      <object_component id="oc-b8">
         <name>.debug_info</name>
         <load_address>0x2ade6</load_address>
         <run_address>0x2ade6</run_address>
         <size>0x2f72</size>
         <input_file_ref idref="fl-b"/>
      </object_component>
      <object_component id="oc-bf">
         <name>.debug_info</name>
         <load_address>0x2dd58</load_address>
         <run_address>0x2dd58</run_address>
         <size>0x195</size>
         <input_file_ref idref="fl-c"/>
      </object_component>
      <object_component id="oc-c2">
         <name>.debug_info</name>
         <load_address>0x2deed</load_address>
         <run_address>0x2deed</run_address>
         <size>0x44c</size>
         <input_file_ref idref="fl-d"/>
      </object_component>
      <object_component id="oc-c7">
         <name>.debug_info</name>
         <load_address>0x2e339</load_address>
         <run_address>0x2e339</run_address>
         <size>0xd2c</size>
         <input_file_ref idref="fl-e"/>
      </object_component>
      <object_component id="oc-cc">
         <name>.debug_info</name>
         <load_address>0x2f065</load_address>
         <run_address>0x2f065</run_address>
         <size>0xa2b</size>
         <input_file_ref idref="fl-f"/>
      </object_component>
      <object_component id="oc-d3">
         <name>.debug_info</name>
         <load_address>0x2fa90</load_address>
         <run_address>0x2fa90</run_address>
         <size>0x4279</size>
         <input_file_ref idref="fl-10"/>
      </object_component>
      <object_component id="oc-db">
         <name>.debug_info</name>
         <load_address>0x33d09</load_address>
         <run_address>0x33d09</run_address>
         <size>0x26d8</size>
         <input_file_ref idref="fl-11"/>
      </object_component>
      <object_component id="oc-e3">
         <name>.debug_info</name>
         <load_address>0x363e1</load_address>
         <run_address>0x363e1</run_address>
         <size>0x423e</size>
         <input_file_ref idref="fl-12"/>
      </object_component>
      <object_component id="oc-e9">
         <name>.debug_info</name>
         <load_address>0x3a61f</load_address>
         <run_address>0x3a61f</run_address>
         <size>0x76e</size>
         <input_file_ref idref="fl-13"/>
      </object_component>
      <object_component id="oc-f1">
         <name>.debug_info</name>
         <load_address>0x3ad8d</load_address>
         <run_address>0x3ad8d</run_address>
         <size>0x1c03</size>
         <input_file_ref idref="fl-14"/>
      </object_component>
      <object_component id="oc-f6">
         <name>.debug_info</name>
         <load_address>0x3c990</load_address>
         <run_address>0x3c990</run_address>
         <size>0x1e7b</size>
         <input_file_ref idref="fl-15"/>
      </object_component>
      <object_component id="oc-fd">
         <name>.debug_info</name>
         <load_address>0x3e80b</load_address>
         <run_address>0x3e80b</run_address>
         <size>0x251b</size>
         <input_file_ref idref="fl-16"/>
      </object_component>
      <object_component id="oc-104">
         <name>.debug_info</name>
         <load_address>0x40d26</load_address>
         <run_address>0x40d26</run_address>
         <size>0x64b</size>
         <input_file_ref idref="fl-27"/>
      </object_component>
      <object_component id="oc-10b">
         <name>.debug_info</name>
         <load_address>0x41371</load_address>
         <run_address>0x41371</run_address>
         <size>0x172</size>
         <input_file_ref idref="fl-28"/>
      </object_component>
      <object_component id="oc-110">
         <name>.debug_info</name>
         <load_address>0x414e3</load_address>
         <run_address>0x414e3</run_address>
         <size>0x113</size>
         <input_file_ref idref="fl-29"/>
      </object_component>
      <object_component id="oc-115">
         <name>.debug_info</name>
         <load_address>0x415f6</load_address>
         <run_address>0x415f6</run_address>
         <size>0x140</size>
         <input_file_ref idref="fl-2a"/>
      </object_component>
      <object_component id="oc-11a">
         <name>.debug_info</name>
         <load_address>0x41736</load_address>
         <run_address>0x41736</run_address>
         <size>0x1a4</size>
         <input_file_ref idref="fl-2b"/>
      </object_component>
      <object_component id="oc-11e">
         <name>.debug_info</name>
         <load_address>0x418da</load_address>
         <run_address>0x418da</run_address>
         <size>0x560</size>
         <input_file_ref idref="fl-2c"/>
      </object_component>
      <object_component id="oc-123">
         <name>.debug_info</name>
         <load_address>0x41e3a</load_address>
         <run_address>0x41e3a</run_address>
         <size>0x439</size>
         <input_file_ref idref="fl-2d"/>
      </object_component>
      <object_component id="oc-128">
         <name>.debug_info</name>
         <load_address>0x42273</load_address>
         <run_address>0x42273</run_address>
         <size>0x3ac</size>
         <input_file_ref idref="fl-2e"/>
      </object_component>
      <object_component id="oc-12d">
         <name>.debug_info</name>
         <load_address>0x4261f</load_address>
         <run_address>0x4261f</run_address>
         <size>0x3a9</size>
         <input_file_ref idref="fl-2f"/>
      </object_component>
      <object_component id="oc-132">
         <name>.debug_info</name>
         <load_address>0x429c8</load_address>
         <run_address>0x429c8</run_address>
         <size>0x543</size>
         <input_file_ref idref="fl-30"/>
      </object_component>
      <object_component id="oc-139">
         <name>.debug_info</name>
         <load_address>0x42f0b</load_address>
         <run_address>0x42f0b</run_address>
         <size>0x4cb</size>
         <input_file_ref idref="fl-31"/>
      </object_component>
      <object_component id="oc-13e">
         <name>.debug_info</name>
         <load_address>0x433d6</load_address>
         <run_address>0x433d6</run_address>
         <size>0x466</size>
         <input_file_ref idref="fl-32"/>
      </object_component>
      <object_component id="oc-143">
         <name>.debug_info</name>
         <load_address>0x4383c</load_address>
         <run_address>0x4383c</run_address>
         <size>0x26be</size>
         <input_file_ref idref="fl-33"/>
      </object_component>
      <object_component id="oc-14b">
         <name>.debug_info</name>
         <load_address>0x45efa</load_address>
         <run_address>0x45efa</run_address>
         <size>0x11f</size>
         <input_file_ref idref="fl-34"/>
      </object_component>
      <object_component id="oc-150">
         <name>.debug_info</name>
         <load_address>0x46019</load_address>
         <run_address>0x46019</run_address>
         <size>0x113</size>
         <input_file_ref idref="fl-35"/>
      </object_component>
      <object_component id="oc-155">
         <name>.debug_info</name>
         <load_address>0x4612c</load_address>
         <run_address>0x4612c</run_address>
         <size>0x113</size>
         <input_file_ref idref="fl-36"/>
      </object_component>
      <object_component id="oc-15a">
         <name>.debug_info</name>
         <load_address>0x4623f</load_address>
         <run_address>0x4623f</run_address>
         <size>0x121</size>
         <input_file_ref idref="fl-37"/>
      </object_component>
      <object_component id="oc-15f">
         <name>.debug_info</name>
         <load_address>0x46360</load_address>
         <run_address>0x46360</run_address>
         <size>0x113</size>
         <input_file_ref idref="fl-38"/>
      </object_component>
      <object_component id="oc-164">
         <name>.debug_info</name>
         <load_address>0x46473</load_address>
         <run_address>0x46473</run_address>
         <size>0x113</size>
         <input_file_ref idref="fl-39"/>
      </object_component>
      <object_component id="oc-169">
         <name>.debug_info</name>
         <load_address>0x46586</load_address>
         <run_address>0x46586</run_address>
         <size>0x175</size>
         <input_file_ref idref="fl-3a"/>
      </object_component>
      <object_component id="oc-16e">
         <name>.debug_info</name>
         <load_address>0x466fb</load_address>
         <run_address>0x466fb</run_address>
         <size>0x14d</size>
         <input_file_ref idref="fl-3b"/>
      </object_component>
      <object_component id="oc-173">
         <name>.debug_info</name>
         <load_address>0x46848</load_address>
         <run_address>0x46848</run_address>
         <size>0x230</size>
         <input_file_ref idref="fl-3c"/>
      </object_component>
      <object_component id="oc-178">
         <name>.debug_info</name>
         <load_address>0x46a78</load_address>
         <run_address>0x46a78</run_address>
         <size>0x117</size>
         <input_file_ref idref="fl-3d"/>
      </object_component>
      <object_component id="oc-17d">
         <name>.debug_info</name>
         <load_address>0x46b8f</load_address>
         <run_address>0x46b8f</run_address>
         <size>0x117</size>
         <input_file_ref idref="fl-3e"/>
      </object_component>
      <object_component id="oc-182">
         <name>.debug_info</name>
         <load_address>0x46ca6</load_address>
         <run_address>0x46ca6</run_address>
         <size>0x119</size>
         <input_file_ref idref="fl-3f"/>
      </object_component>
      <object_component id="oc-187">
         <name>.debug_info</name>
         <load_address>0x46dbf</load_address>
         <run_address>0x46dbf</run_address>
         <size>0x113</size>
         <input_file_ref idref="fl-40"/>
      </object_component>
      <object_component id="oc-18b">
         <name>.debug_info</name>
         <load_address>0x46ed2</load_address>
         <run_address>0x46ed2</run_address>
         <size>0x41e</size>
         <input_file_ref idref="fl-41"/>
      </object_component>
      <object_component id="oc-190">
         <name>.debug_info</name>
         <load_address>0x472f0</load_address>
         <run_address>0x472f0</run_address>
         <size>0x1e6</size>
         <input_file_ref idref="fl-42"/>
      </object_component>
      <object_component id="oc-192">
         <name>.debug_info</name>
         <load_address>0x474d6</load_address>
         <run_address>0x474d6</run_address>
         <size>0x45e</size>
         <input_file_ref idref="fl-43"/>
      </object_component>
      <object_component id="oc-197">
         <name>.debug_info</name>
         <load_address>0x47934</load_address>
         <run_address>0x47934</run_address>
         <size>0x437</size>
         <input_file_ref idref="fl-44"/>
      </object_component>
      <object_component id="oc-19c">
         <name>.debug_info</name>
         <load_address>0x47d6b</load_address>
         <run_address>0x47d6b</run_address>
         <size>0x4fd</size>
         <input_file_ref idref="fl-45"/>
      </object_component>
      <object_component id="oc-1a1">
         <name>.debug_info</name>
         <load_address>0x48268</load_address>
         <run_address>0x48268</run_address>
         <size>0x4ec</size>
         <input_file_ref idref="fl-46"/>
      </object_component>
      <object_component id="oc-1a6">
         <name>.debug_info</name>
         <load_address>0x48754</load_address>
         <run_address>0x48754</run_address>
         <size>0x4df</size>
         <input_file_ref idref="fl-47"/>
      </object_component>
      <object_component id="oc-1ab">
         <name>.debug_info</name>
         <load_address>0x48c33</load_address>
         <run_address>0x48c33</run_address>
         <size>0x4a5</size>
         <input_file_ref idref="fl-48"/>
      </object_component>
      <object_component id="oc-1b0">
         <name>.debug_info</name>
         <load_address>0x490d8</load_address>
         <run_address>0x490d8</run_address>
         <size>0x4a5</size>
         <input_file_ref idref="fl-49"/>
      </object_component>
      <object_component id="oc-1b6">
         <name>.debug_info</name>
         <load_address>0x4957d</load_address>
         <run_address>0x4957d</run_address>
         <size>0x531</size>
         <input_file_ref idref="fl-4a"/>
      </object_component>
      <object_component id="oc-1bc">
         <name>.debug_info</name>
         <load_address>0x49aae</load_address>
         <run_address>0x49aae</run_address>
         <size>0x40b</size>
         <input_file_ref idref="fl-4b"/>
      </object_component>
      <object_component id="oc-1c1">
         <name>.debug_info</name>
         <load_address>0x49eb9</load_address>
         <run_address>0x49eb9</run_address>
         <size>0x422</size>
         <input_file_ref idref="fl-4c"/>
      </object_component>
      <object_component id="oc-1c7">
         <name>.debug_info</name>
         <load_address>0x4a2db</load_address>
         <run_address>0x4a2db</run_address>
         <size>0x113</size>
         <input_file_ref idref="fl-4d"/>
      </object_component>
      <object_component id="oc-1cb">
         <name>.debug_info</name>
         <load_address>0x4a3ee</load_address>
         <run_address>0x4a3ee</run_address>
         <size>0x1c5</size>
         <input_file_ref idref="fl-4e"/>
      </object_component>
      <object_component id="oc-25c">
         <name>.debug_info</name>
         <load_address>0x4a5b3</load_address>
         <run_address>0x4a5b3</run_address>
         <size>0xcd</size>
      </object_component>
      <object_component id="oc-56">
         <name>.debug_frame</name>
         <load_address>0x0</load_address>
         <run_address>0x0</run_address>
         <size>0xb0</size>
         <input_file_ref idref="fl-2"/>
      </object_component>
      <object_component id="oc-64">
         <name>.debug_frame</name>
         <load_address>0xb0</load_address>
         <run_address>0xb0</run_address>
         <size>0x5c</size>
         <input_file_ref idref="fl-5"/>
      </object_component>
      <object_component id="oc-6a">
         <name>.debug_frame</name>
         <load_address>0x10c</load_address>
         <run_address>0x10c</run_address>
         <size>0xbb0</size>
         <input_file_ref idref="fl-6"/>
      </object_component>
      <object_component id="oc-aa">
         <name>.debug_frame</name>
         <load_address>0xcbc</load_address>
         <run_address>0xcbc</run_address>
         <size>0x58</size>
         <input_file_ref idref="fl-8"/>
      </object_component>
      <object_component id="oc-af">
         <name>.debug_frame</name>
         <load_address>0xd14</load_address>
         <run_address>0xd14</run_address>
         <size>0x44</size>
         <input_file_ref idref="fl-9"/>
      </object_component>
      <object_component id="oc-b4">
         <name>.debug_frame</name>
         <load_address>0xd58</load_address>
         <run_address>0xd58</run_address>
         <size>0x88</size>
         <input_file_ref idref="fl-a"/>
      </object_component>
      <object_component id="oc-b9">
         <name>.debug_frame</name>
         <load_address>0xde0</load_address>
         <run_address>0xde0</run_address>
         <size>0x154</size>
         <input_file_ref idref="fl-b"/>
      </object_component>
      <object_component id="oc-c3">
         <name>.debug_frame</name>
         <load_address>0xf34</load_address>
         <run_address>0xf34</run_address>
         <size>0x40</size>
         <input_file_ref idref="fl-d"/>
      </object_component>
      <object_component id="oc-c8">
         <name>.debug_frame</name>
         <load_address>0xf74</load_address>
         <run_address>0xf74</run_address>
         <size>0x28</size>
         <input_file_ref idref="fl-e"/>
      </object_component>
      <object_component id="oc-cf">
         <name>.debug_frame</name>
         <load_address>0xf9c</load_address>
         <run_address>0xf9c</run_address>
         <size>0x98</size>
         <input_file_ref idref="fl-f"/>
      </object_component>
      <object_component id="oc-d7">
         <name>.debug_frame</name>
         <load_address>0x1034</load_address>
         <run_address>0x1034</run_address>
         <size>0x110</size>
         <input_file_ref idref="fl-10"/>
      </object_component>
      <object_component id="oc-df">
         <name>.debug_frame</name>
         <load_address>0x1144</load_address>
         <run_address>0x1144</run_address>
         <size>0x138</size>
         <input_file_ref idref="fl-11"/>
      </object_component>
      <object_component id="oc-e5">
         <name>.debug_frame</name>
         <load_address>0x127c</load_address>
         <run_address>0x127c</run_address>
         <size>0x8c</size>
         <input_file_ref idref="fl-12"/>
      </object_component>
      <object_component id="oc-ed">
         <name>.debug_frame</name>
         <load_address>0x1308</load_address>
         <run_address>0x1308</run_address>
         <size>0xdc</size>
         <input_file_ref idref="fl-13"/>
      </object_component>
      <object_component id="oc-f2">
         <name>.debug_frame</name>
         <load_address>0x13e4</load_address>
         <run_address>0x13e4</run_address>
         <size>0xa0</size>
         <input_file_ref idref="fl-14"/>
      </object_component>
      <object_component id="oc-f9">
         <name>.debug_frame</name>
         <load_address>0x1484</load_address>
         <run_address>0x1484</run_address>
         <size>0x40</size>
         <input_file_ref idref="fl-15"/>
      </object_component>
      <object_component id="oc-100">
         <name>.debug_frame</name>
         <load_address>0x14c4</load_address>
         <run_address>0x14c4</run_address>
         <size>0x8c</size>
         <input_file_ref idref="fl-16"/>
      </object_component>
      <object_component id="oc-105">
         <name>.debug_frame</name>
         <load_address>0x1550</load_address>
         <run_address>0x1550</run_address>
         <size>0x84</size>
         <input_file_ref idref="fl-27"/>
      </object_component>
      <object_component id="oc-11f">
         <name>.debug_frame</name>
         <load_address>0x15d4</load_address>
         <run_address>0x15d4</run_address>
         <size>0x60</size>
         <input_file_ref idref="fl-2c"/>
      </object_component>
      <object_component id="oc-124">
         <name>.debug_frame</name>
         <load_address>0x1634</load_address>
         <run_address>0x1634</run_address>
         <size>0x40</size>
         <input_file_ref idref="fl-2d"/>
      </object_component>
      <object_component id="oc-129">
         <name>.debug_frame</name>
         <load_address>0x1674</load_address>
         <run_address>0x1674</run_address>
         <size>0x40</size>
         <input_file_ref idref="fl-2e"/>
      </object_component>
      <object_component id="oc-12e">
         <name>.debug_frame</name>
         <load_address>0x16b4</load_address>
         <run_address>0x16b4</run_address>
         <size>0x40</size>
         <input_file_ref idref="fl-2f"/>
      </object_component>
      <object_component id="oc-135">
         <name>.debug_frame</name>
         <load_address>0x16f4</load_address>
         <run_address>0x16f4</run_address>
         <size>0x60</size>
         <input_file_ref idref="fl-30"/>
      </object_component>
      <object_component id="oc-13a">
         <name>.debug_frame</name>
         <load_address>0x1754</load_address>
         <run_address>0x1754</run_address>
         <size>0x70</size>
         <input_file_ref idref="fl-31"/>
      </object_component>
      <object_component id="oc-13f">
         <name>.debug_frame</name>
         <load_address>0x17c4</load_address>
         <run_address>0x17c4</run_address>
         <size>0x40</size>
         <input_file_ref idref="fl-32"/>
      </object_component>
      <object_component id="oc-146">
         <name>.debug_frame</name>
         <load_address>0x1804</load_address>
         <run_address>0x1804</run_address>
         <size>0x43c</size>
         <input_file_ref idref="fl-33"/>
      </object_component>
      <object_component id="oc-18c">
         <name>.debug_frame</name>
         <load_address>0x1c40</load_address>
         <run_address>0x1c40</run_address>
         <size>0x40</size>
         <input_file_ref idref="fl-41"/>
      </object_component>
      <object_component id="oc-193">
         <name>.debug_frame</name>
         <load_address>0x1c80</load_address>
         <run_address>0x1c80</run_address>
         <size>0x4c</size>
         <input_file_ref idref="fl-43"/>
      </object_component>
      <object_component id="oc-198">
         <name>.debug_frame</name>
         <load_address>0x1ccc</load_address>
         <run_address>0x1ccc</run_address>
         <size>0x40</size>
         <input_file_ref idref="fl-44"/>
      </object_component>
      <object_component id="oc-19d">
         <name>.debug_frame</name>
         <load_address>0x1d0c</load_address>
         <run_address>0x1d0c</run_address>
         <size>0x40</size>
         <input_file_ref idref="fl-45"/>
      </object_component>
      <object_component id="oc-1a2">
         <name>.debug_frame</name>
         <load_address>0x1d4c</load_address>
         <run_address>0x1d4c</run_address>
         <size>0x44</size>
         <input_file_ref idref="fl-46"/>
      </object_component>
      <object_component id="oc-1a7">
         <name>.debug_frame</name>
         <load_address>0x1d90</load_address>
         <run_address>0x1d90</run_address>
         <size>0x40</size>
         <input_file_ref idref="fl-47"/>
      </object_component>
      <object_component id="oc-1ac">
         <name>.debug_frame</name>
         <load_address>0x1dd0</load_address>
         <run_address>0x1dd0</run_address>
         <size>0x40</size>
         <input_file_ref idref="fl-48"/>
      </object_component>
      <object_component id="oc-1b2">
         <name>.debug_frame</name>
         <load_address>0x1e10</load_address>
         <run_address>0x1e10</run_address>
         <size>0x58</size>
         <input_file_ref idref="fl-49"/>
      </object_component>
      <object_component id="oc-1b8">
         <name>.debug_frame</name>
         <load_address>0x1e68</load_address>
         <run_address>0x1e68</run_address>
         <size>0x58</size>
         <input_file_ref idref="fl-4a"/>
      </object_component>
      <object_component id="oc-1bd">
         <name>.debug_frame</name>
         <load_address>0x1ec0</load_address>
         <run_address>0x1ec0</run_address>
         <size>0x40</size>
         <input_file_ref idref="fl-4b"/>
      </object_component>
      <object_component id="oc-1c2">
         <name>.debug_frame</name>
         <load_address>0x1f00</load_address>
         <run_address>0x1f00</run_address>
         <size>0x44</size>
         <input_file_ref idref="fl-4c"/>
      </object_component>
      <object_component id="oc-57">
         <name>.debug_line</name>
         <load_address>0x0</load_address>
         <run_address>0x0</run_address>
         <size>0x23e</size>
         <input_file_ref idref="fl-2"/>
      </object_component>
      <object_component id="oc-5e">
         <name>.debug_line</name>
         <load_address>0x23e</load_address>
         <run_address>0x23e</run_address>
         <size>0xa7</size>
         <input_file_ref idref="fl-4"/>
      </object_component>
      <object_component id="oc-65">
         <name>.debug_line</name>
         <load_address>0x2e5</load_address>
         <run_address>0x2e5</run_address>
         <size>0xd1</size>
         <input_file_ref idref="fl-5"/>
      </object_component>
      <object_component id="oc-6b">
         <name>.debug_line</name>
         <load_address>0x3b6</load_address>
         <run_address>0x3b6</run_address>
         <size>0x8ba</size>
         <input_file_ref idref="fl-6"/>
      </object_component>
      <object_component id="oc-ab">
         <name>.debug_line</name>
         <load_address>0xc70</load_address>
         <run_address>0xc70</run_address>
         <size>0xc8</size>
         <input_file_ref idref="fl-8"/>
      </object_component>
[...]
      </symbol>
      <symbol id="sm-2b9">
         <name>_CsmUnlock</name>
         <value>0x3f53bd</value>
         <object_component_ref idref="oc-1e4"/>
      </symbol>
      <symbol id="sm-2ba">
         <name>_InitPll2</name>
         <value>0x3f5339</value>
         <object_component_ref idref="oc-1e4"/>
      </symbol>
      <symbol id="sm-2bb">
         <name>_ServiceDog</name>
         <value>0x3f52d2</value>
         <object_component_ref idref="oc-1e4"/>
      </symbol>
      <symbol id="sm-2bc">
         <name>_XtalOscSel</name>
         <value>0x3f5418</value>
         <object_component_ref idref="oc-1e4"/>
      </symbol>
      <symbol id="sm-2bd">
         <name>_InitSysCtrl</name>
         <value>0x3f52b8</value>
         <object_component_ref idref="oc-1e4"/>
      </symbol>
      <symbol id="sm-2c9">
         <name>_DSP28x_usDelay</name>
         <value>0x801b</value>
         <object_component_ref idref="oc-bd"/>
      </symbol>
      <symbol id="sm-2d5">
         <name>_FLASH_CONFIG</name>
         <value>0x3f61bc</value>
         <object_component_ref idref="oc-1e7"/>
      </symbol>
      <symbol id="sm-2fd">
         <name>_pidOutput1</name>
         <value>0xa106</value>
         <object_component_ref idref="oc-ce"/>
      </symbol>
      <symbol id="sm-2fe">
         <name>_pidOutput2</name>
         <value>0xa108</value>
         <object_component_ref idref="oc-ce"/>
      </symbol>
      <symbol id="sm-2ff">
         <name>_PID</name>
         <value>0x3f5672</value>
         <object_component_ref idref="oc-1d5"/>
      </symbol>
      <symbol id="sm-300">
         <name>_pidOutput2_old</name>
         <value>0xa10c</value>
         <object_component_ref idref="oc-ce"/>
      </symbol>
      <symbol id="sm-301">
         <name>_pidOutput1_old</name>
         <value>0xa10a</value>
         <object_component_ref idref="oc-ce"/>
      </symbol>
      <symbol id="sm-302">
         <name>_CC_PI_discrete1</name>
         <value>0x3f56d3</value>
         <object_component_ref idref="oc-1d5"/>
      </symbol>
      <symbol id="sm-303">
         <name>_CC_PI_discrete2</name>
         <value>0x3f5704</value>
         <object_component_ref idref="oc-1d5"/>
      </symbol>
      <symbol id="sm-304">
         <name>_CV_PI_discrete</name>
         <value>0x3f5735</value>
         <object_component_ref idref="oc-1d5"/>
      </symbol>
      <symbol id="sm-31c">
         <name>_sleep_mode</name>
         <value>0x3f5e6d</value>
         <object_component_ref idref="oc-1ea"/>
      </symbol>
      <symbol id="sm-31d">
         <name>_Scheduler_timer0_ISR_Init</name>
         <value>0x3f5e52</value>
         <object_component_ref idref="oc-1ea"/>
      </symbol>
      <symbol id="sm-31e">
         <name>_Scheduler_timer0_ISR</name>
         <value>0x3f5814</value>
         <object_component_ref idref="oc-d6"/>
      </symbol>
      <symbol id="sm-31f">
         <name>_map</name>
         <value>0x3f5e3e</value>
         <object_component_ref idref="oc-1ea"/>
      </symbol>
      <symbol id="sm-341">
         <name>_SerialInit</name>
         <value>0x3f5c77</value>
         <object_component_ref idref="oc-1e0"/>
      </symbol>
      <symbol id="sm-342">
         <name>_sciaRxFifoIsr</name>
         <value>0x3f5d3d</value>
         <object_component_ref idref="oc-de"/>
      </symbol>
      <symbol id="sm-343">
         <name>_error</name>
         <value>0x3f5ca1</value>
         <object_component_ref idref="oc-1e0"/>
      </symbol>
      <symbol id="sm-344">
         <name>_scia_xmit</name>
         <value>0x3f5cd7</value>
         <object_component_ref idref="oc-1e0"/>
      </symbol>
      <symbol id="sm-345">
         <name>_SCI_UpdateMonitor</name>
         <value>0x3f5cbc</value>
         <object_component_ref idref="oc-1e0"/>
      </symbol>
      <symbol id="sm-346">
         <name>_sdataA</name>
         <value>0xa121</value>
         <object_component_ref idref="oc-1ee"/>
      </symbol>
      <symbol id="sm-347">
         <name>_rdataA</name>
         <value>0xa11c</value>
         <object_component_ref idref="oc-1d7"/>
      </symbol>
      <symbol id="sm-348">
         <name>_scia_fifo_init</name>
         <value>0x3f5ca3</value>
         <object_component_ref idref="oc-1e0"/>
      </symbol>
      <symbol id="sm-360">
         <name>_num</name>
         <value>0xa0f6</value>
         <object_component_ref idref="oc-1de"/>
      </symbol>
      <symbol id="sm-361">
         <name>_ADC_intToString</name>
         <value>0x3f5495</value>
         <object_component_ref idref="oc-1d4"/>
      </symbol>
      <symbol id="sm-362">
         <name>_ADC_setup</name>
         <value>0x3f544a</value>
         <object_component_ref idref="oc-1d4"/>
      </symbol>
      <symbol id="sm-363">
         <name>_ReceivedChar</name>
         <value>0xa129</value>
         <object_component_ref idref="oc-e4"/>
      </symbol>
      <symbol id="sm-364">
         <name>_ADC_processVal</name>
         <value>0x3f54e2</value>
         <object_component_ref idref="oc-1d4"/>
      </symbol>
      <symbol id="sm-365">
         <name>_ADC_filter</name>
         <value>0x3f5536</value>
         <object_component_ref idref="oc-1d4"/>
      </symbol>
      <symbol id="sm-388">
         <name>_mainOn</name>
         <value>0x3f5b80</value>
         <object_component_ref idref="oc-1d8"/>
      </symbol>
      <symbol id="sm-389">
         <name>_readVolt</name>
         <value>0x3f5ba0</value>
         <object_component_ref idref="oc-1d8"/>
      </symbol>
      <symbol id="sm-38a">
         <name>_resetFault</name>
         <value>0x3f5b98</value>
         <object_component_ref idref="oc-1d8"/>
      </symbol>
      <symbol id="sm-38b">
         <name>_recOp</name>
         <value>0x3f5bcc</value>
         <object_component_ref idref="oc-1d8"/>
      </symbol>
      <symbol id="sm-38c">
         <name>_mainOff</name>
         <value>0x3f5b8c</value>
         <object_component_ref idref="oc-1d8"/>
      </symbol>
      <symbol id="sm-38d">
         <name>_msg</name>
         <value>0xa12e</value>
         <object_component_ref idref="oc-eb"/>
      </symbol>
      <symbol id="sm-38e">
         <name>_noOp</name>
         <value>0x3f5b7f</value>
         <object_component_ref idref="oc-1d8"/>
      </symbol>
      <symbol id="sm-38f">
         <name>_readAmp</name>
         <value>0x3f5bb6</value>
         <object_component_ref idref="oc-1d8"/>
      </symbol>
      <symbol id="sm-39b">
         <name>_GPIO_setupLCDPins</name>
         <value>0x3f5e23</value>
         <object_component_ref idref="oc-1eb"/>
      </symbol>
      <symbol id="sm-39c">
         <name>_GPIO_enable_PWM</name>
         <value>0x3f5dfe</value>
         <object_component_ref idref="oc-1eb"/>
      </symbol>
      <symbol id="sm-39d">
         <name>_GPIO_setupLedPins</name>
         <value>0x3f5df2</value>
         <object_component_ref idref="oc-1eb"/>
      </symbol>
      <symbol id="sm-39e">
         <name>_GPIO_setup_init</name>
         <value>0x3f5deb</value>
         <object_component_ref idref="oc-1eb"/>
      </symbol>
      <symbol id="sm-39f">
         <name>_GPIO_disable_PWM</name>
         <value>0x3f5e0e</value>
         <object_component_ref idref="oc-1eb"/>
      </symbol>
      <symbol id="sm-3b0">
         <name>_main</name>
         <value>0x3f5e7b</value>
         <object_component_ref idref="oc-1db"/>
      </symbol>
      <symbol id="sm-3b1">
         <name>_CC_Kp_discrete</name>
         <value>0xa0e2</value>
         <object_component_ref idref="oc-f8"/>
      </symbol>
      <symbol id="sm-3b2">
         <name>_IP_V_DC</name>
         <value>0xa0ee</value>
         <object_component_ref idref="oc-f8"/>
      </symbol>
      <symbol id="sm-3b3">
         <name>_OP_I_DC</name>
         <value>0xa0f2</value>
         <object_component_ref idref="oc-f8"/>
      </symbol>
      <symbol id="sm-3b4">
         <name>_operation_mode</name>
         <value>0xa0e0</value>
         <object_component_ref idref="oc-f8"/>
      </symbol>
      <symbol id="sm-3b5">
         <name>_pwm_pot_adc_old</name>
         <value>0xa0ea</value>
         <object_component_ref idref="oc-f8"/>
      </symbol>
      <symbol id="sm-3b6">
         <name>_pwm_pot_adc</name>
         <value>0xa0e6</value>
         <object_component_ref idref="oc-f8"/>
      </symbol>
      <symbol id="sm-3b7">
         <name>_BAT_I_DC</name>
         <value>0xa0f4</value>
         <object_component_ref idref="oc-f8"/>
      </symbol>
      <symbol id="sm-3b8">
         <name>_CV_Ki_discrete</name>
         <value>0xa0e5</value>
         <object_component_ref idref="oc-f8"/>
      </symbol>
      <symbol id="sm-3b9">
         <name>_freq_pot_adc_old</name>
         <value>0xa0ec</value>
         <object_component_ref idref="oc-f8"/>
      </symbol>
      <symbol id="sm-3ba">
         <name>_CV_Kp_discrete</name>
         <value>0xa0e4</value>
         <object_component_ref idref="oc-f8"/>
      </symbol>
      <symbol id="sm-3bb">
         <name>_freq_pot_adc</name>
         <value>0xa0e8</value>
         <object_component_ref idref="oc-f8"/>
      </symbol>
      <symbol id="sm-3bc">
         <name>_CC_Ki_discrete</name>
         <value>0xa0e3</value>
         <object_component_ref idref="oc-f8"/>
      </symbol>
      <symbol id="sm-3bd">
         <name>_systemState</name>
         <value>0xa0e1</value>
         <object_component_ref idref="oc-f8"/>
      </symbol>
      <symbol id="sm-3be">
         <name>_OP_V_DC</name>
         <value>0xa0f0</value>
         <object_component_ref idref="oc-f8"/>
      </symbol>
      <symbol id="sm-3ce">
         <name>_PWM_setup_EPWM_2</name>
         <value>0x3f59a0</value>
         <object_component_ref idref="oc-1d6"/>
      </symbol>
      <symbol id="sm-3cf">
         <name>_PWM_setup_EPWM_1</name>
         <value>0x3f5962</value>
         <object_component_ref idref="oc-1d6"/>
      </symbol>
      <symbol id="sm-3d0">
         <name>_PWM_updatePhase</name>
         <value>0x3f59df</value>
         <object_component_ref idref="oc-1d6"/>
      </symbol>
      <symbol id="sm-3d1">
         <name>_phaseShiftOffset</name>
         <value>0xa130</value>
         <object_component_ref idref="oc-ff"/>
      </symbol>
      <symbol id="sm-3d2">
         <name>_PWM_setup_init</name>
         <value>0x3f595d</value>
         <object_component_ref idref="oc-1d6"/>
      </symbol>
      <symbol id="sm-3e0">
         <name>_sprintf</name>
         <value>0x3f5eb4</value>
         <object_component_ref idref="oc-1e1"/>
      </symbol>
      <symbol id="sm-3fb">
         <name>_c_int00</name>
         <value>0x3f5d95</value>
         <object_component_ref idref="oc-54"/>
      </symbol>
      <symbol id="sm-3fc">
         <name>__stack</name>
         <value>0x50</value>
         <object_component_ref idref="oc-109"/>
      </symbol>
      <symbol id="sm-40d">
         <name>FS$$DIV</name>
         <value>0x3f5a74</value>
         <object_component_ref idref="oc-10f"/>
      </symbol>
      <symbol id="sm-41b">
         <name>I$$MOD</name>
         <value>0x3f609c</value>
         <object_component_ref idref="oc-114"/>
      </symbol>
      <symbol id="sm-41c">
         <name>I$$DIV</name>
         <value>0x3f608b</value>
         <object_component_ref idref="oc-114"/>
      </symbol>
      <symbol id="sm-428">
         <name>UL$$MOD</name>
         <value>0x3f5fc5</value>
         <object_component_ref idref="oc-119"/>
      </symbol>
      <symbol id="sm-429">
         <name>L$$MOD</name>
         <value>0x3f5fb0</value>
         <object_component_ref idref="oc-119"/>
      </symbol>
      <symbol id="sm-42a">
         <name>L$$DIV</name>
         <value>0x3f5fa1</value>
         <object_component_ref idref="oc-119"/>
      </symbol>
      <symbol id="sm-42b">
         <name>UL$$DIV</name>
         <value>0x3f5fbe</value>
         <object_component_ref idref="oc-119"/>
      </symbol>
      <symbol id="sm-43a">
         <name>_copy_in</name>
         <value>0x3f6067</value>
         <object_component_ref idref="oc-1d0"/>
      </symbol>
      <symbol id="sm-44b">
         <name>_memcpy</name>
         <value>0x3f6128</value>
         <object_component_ref idref="oc-1da"/>
      </symbol>
      <symbol id="sm-457">
         <name>__system_pre_init</name>
         <value>0x3f6219</value>
         <object_component_ref idref="oc-1cf"/>
      </symbol>
      <symbol id="sm-464">
         <name>__system_post_cinit</name>
         <value>0x3f621b</value>
         <object_component_ref idref="oc-1d1"/>
      </symbol>
      <symbol id="sm-478">
         <name>C$$EXIT</name>
         <value>0x3f5fcb</value>
         <object_component_ref idref="oc-1d3"/>
      </symbol>
      <symbol id="sm-479">
         <name>_exit</name>
         <value>0x3f5fcd</value>
         <object_component_ref idref="oc-1d3"/>
      </symbol>
      <symbol id="sm-47a">
         <name>___TI_cleanup_ptr</name>
         <value>0xa118</value>
         <object_component_ref idref="oc-134"/>
      </symbol>
      <symbol id="sm-47b">
         <name>___TI_enable_exit_profile_output</name>
         <value>0xa116</value>
         <object_component_ref idref="oc-134"/>
      </symbol>
      <symbol id="sm-47c">
         <name>_abort</name>
         <value>0x3f5fcb</value>
         <object_component_ref idref="oc-1d3"/>
      </symbol>
      <symbol id="sm-47d">
         <name>___TI_dtors_ptr</name>
         <value>0xa11a</value>
         <object_component_ref idref="oc-134"/>
      </symbol>
      <symbol id="sm-491">
         <name>__unlock</name>
         <value>0xa12c</value>
         <object_component_ref idref="oc-1f3"/>
      </symbol>
      <symbol id="sm-492">
         <name>__lock</name>
         <value>0xa12a</value>
         <object_component_ref idref="oc-1dc"/>
      </symbol>
      <symbol id="sm-493">
         <name>__register_lock</name>
         <value>0x3f61e6</value>
         <object_component_ref idref="oc-1ec"/>
      </symbol>
      <symbol id="sm-494">
         <name>__nop</name>
         <value>0x3f61ea</value>
         <object_component_ref idref="oc-1ec"/>
      </symbol>
      <symbol id="sm-495">
         <name>__register_unlock</name>
         <value>0x3f61e2</value>
         <object_component_ref idref="oc-1ec"/>
      </symbol>
      <symbol id="sm-4a4">
         <name>__args_main</name>
         <value>0x3f617d</value>
         <object_component_ref idref="oc-1d2"/>
      </symbol>
      <symbol id="sm-604">
         <name>___TI_printfi</name>
         <value>0x3f4b52</value>
         <object_component_ref idref="oc-1ef"/>
      </symbol>
      <symbol id="sm-614">
         <name>FD$$CMP</name>
         <value>0x3f5f77</value>
         <object_component_ref idref="oc-14a"/>
      </symbol>
      <symbol id="sm-626">
         <name>FD$$MPY</name>
         <value>0x3f5afc</value>
         <object_component_ref idref="oc-14f"/>
      </symbol>
      <symbol id="sm-633">
         <name>FD$$NEG</name>
         <value>0x3f61eb</value>
         <object_component_ref idref="oc-154"/>
      </symbol>
      <symbol id="sm-63f">
         <name>FD$$SUB</name>
         <value>0x3f61ae</value>
         <object_component_ref idref="oc-159"/>
      </symbol>
      <symbol id="sm-64e">
         <name>FD$$TOI</name>
         <value>0x3f60ad</value>
         <object_component_ref idref="oc-15e"/>
      </symbol>
      <symbol id="sm-65d">
         <name>FD$$TOL</name>
         <value>0x3f60ce</value>
         <object_component_ref idref="oc-163"/>
      </symbol>
      <symbol id="sm-669">
         <name>LL$$AND</name>
         <value>0x3f6196</value>
         <object_component_ref idref="oc-168"/>
      </symbol>
      <symbol id="sm-66a">
         <name>LL$$OR</name>
         <value>0x3f619e</value>
         <object_component_ref idref="oc-168"/>
      </symbol>
      <symbol id="sm-66b">
         <name>LL$$XOR</name>
         <value>0x3f61a6</value>
         <object_component_ref idref="oc-168"/>
      </symbol>
      <symbol id="sm-679">
         <name>ULL$$CMP</name>
         <value>0x3f60ff</value>
         <object_component_ref idref="oc-16d"/>
      </symbol>
      <symbol id="sm-67a">
         <name>LL$$CMP</name>
         <value>0x3f60ed</value>
         <object_component_ref idref="oc-16d"/>
      </symbol>
      <symbol id="sm-6a6">
         <name>ULL$$MOD</name>
         <value>0x3f5610</value>
         <object_component_ref idref="oc-172"/>
      </symbol>
      <symbol id="sm-6a7">
         <name>ULL$$DIV</name>
         <value>0x3f55e1</value>
         <object_component_ref idref="oc-172"/>
      </symbol>
      <symbol id="sm-6a8">
         <name>LL$$MOD</name>
         <value>0x3f55a7</value>
         <object_component_ref idref="oc-172"/>
      </symbol>
      <symbol id="sm-6a9">
         <name>LL$$DIV</name>
         <value>0x3f556b</value>
         <object_component_ref idref="oc-172"/>
      </symbol>
      <symbol id="sm-6b9">
         <name>I$$TOFD</name>
         <value>0x3f610b</value>
         <object_component_ref idref="oc-177"/>
      </symbol>
      <symbol id="sm-6c9">
         <name>L$$TOFD</name>
         <value>0x3f6161</value>
         <object_component_ref idref="oc-17c"/>
      </symbol>
      <symbol id="sm-6d9">
         <name>FS$$TOFD</name>
         <value>0x3f6145</value>
         <object_component_ref idref="oc-181"/>
      </symbol>
      <symbol id="sm-6f0">
         <name>FD$$DIV</name>
         <value>0x3f59e9</value>
         <object_component_ref idref="oc-186"/>
      </symbol>
      <symbol id="sm-704">
         <name>_atoi</name>
         <value>0x3f5ee6</value>
         <object_component_ref idref="oc-1f4"/>
      </symbol>
      <symbol id="sm-70c">
         <name>__ctypes_</name>
         <value>0x3f621c</value>
         <object_component_ref idref="oc-1fe"/>
      </symbol>
      <symbol id="sm-71a">
         <name>_ltoa</name>
         <value>0x3f5f47</value>
         <object_component_ref idref="oc-1f6"/>
      </symbol>
      <symbol id="sm-729">
         <name>_memccpy</name>
         <value>0x3f61c9</value>
         <object_component_ref idref="oc-1fc"/>
      </symbol>
      <symbol id="sm-737">
         <name>_memset</name>
         <value>0x3f620d</value>
         <object_component_ref idref="oc-1fa"/>
      </symbol>
      <symbol id="sm-746">
         <name>_strchr</name>
         <value>0x3f61d6</value>
         <object_component_ref idref="oc-1f9"/>
      </symbol>
      <symbol id="sm-753">
         <name>_strcpy</name>
         <value>0x3f6214</value>
         <object_component_ref idref="oc-1fb"/>
      </symbol>
      <symbol id="sm-760">
         <name>_strlen</name>
         <value>0x3f6205</value>
         <object_component_ref idref="oc-1f5"/>
      </symbol>
      <symbol id="sm-773">
         <name>_frexpl</name>
         <value>0x3f5ce3</value>
         <object_component_ref idref="oc-1f7"/>
      </symbol>
      <symbol id="sm-791">
         <name>_scalbnl</name>
         <value>0x3f5766</value>
         <object_component_ref idref="oc-1f8"/>
      </symbol>
      <symbol id="sm-792">
         <name>_ldexpl</name>
         <value>0x3f5766</value>
         <object_component_ref idref="oc-1f8"/>
      </symbol>
      <symbol id="sm-7a0">
         <name>_wcslen</name>
         <value>0x3f61f4</value>
         <object_component_ref idref="oc-1fd"/>
      </symbol>
      <symbol id="sm-7ad">
         <name>_copysignl</name>
         <value>0x3f6042</value>
         <object_component_ref idref="oc-1ff"/>
      </symbol>
      <symbol id="sm-7c8">
         <name>FD$$ADD</name>
         <value>0x3f58c1</value>
         <object_component_ref idref="oc-1c6"/>
      </symbol>
      <symbol id="sm-7d2">
         <name>_errno</name>
         <value>0xa131</value>
         <object_component_ref idref="oc-1cd"/>
      </symbol>
   </symbol_table>
   <title>Link successful</title>
</link_info>
