RAM Allocation [bytes]
Variable                                                                          Address   Size
------------------------------------------------------------------------------------------------
rdataA                                                                            0x054F      20
data                                                                              0x0563       4
i                                                                                 0x0567       2
recFunc                                                                           0x0569     200
rx_buffer0                                                                        0x0631       2
rx_wr_index0                                                                      0x0633       1
rx_rd_index0                                                                      0x0634       1
rx_counter0                                                                       0x0635       1
on_pressed                                                                        0x0636       2
off_pressed                                                                       0x0638       2
data_received                                                                     0x063A       2
reset_pressed                                                                     0x063C       2
tx_buffer0                                                                        0x063E      64
tx_wr_index0                                                                      0x067E       1
tx_rd_index0                                                                      0x067F       1
tx_counter0                                                                       0x0680       1
on_button_state                                                                   0x0681       2
off_button_state                                                                  0x0683       2
reset_button_state                                                                0x0685       2
Screen                                                                            0x0687       2
Pointer_horiz                                                                     0x0689       2
Pointer_vert                                                                      0x068B       2
Pt                                                                                0x068D       2
voltage                                                                           0x068F       4
current                                                                           0x0693       4
flag                                                                              0x0697       2
disp_volt                                                                         0x0699       3
disp_current                                                                      0x069C       3
_seed                                                                             0x069F       4
_base_y                                                                           0x06A3       4
_lcd_x                                                                            0x06A7       1
_lcd_y                                                                            0x06A8       1
_lcd_maxx                                                                         0x06A9       1

EEPROM Allocation [bytes]
Variable                                                                          Address   Size
------------------------------------------------------------------------------------------------

Register Allocation
Variable                                                                          Register  Size
------------------------------------------------------------------------------------------------
msg                                                                               R4,R5        2
xmitMsg                                                                           R6,R7        2
rec                                                                               R8,R9        2
rdata                                                                             R10,R11      2
comStart                                                                          R12,R13      2
rx_buffer_overflow0                                                               R2.0      1bit

FLASH Allocation [words]
Function                                                                          Address   Size
------------------------------------------------------------------------------------------------
xmitString                                                                        0x001F7     23
noOp                                                                              0x0020E      1
mainOff                                                                           0x00218     18
readAmp                                                                           0x00234      6
rxnoOp                                                                            0x0023A      1
rxresetFault                                                                      0x00252      7
rxfaultDetect                                                                     0x00259    150
rxreadVolt                                                                        0x002EF     16
rxreadAmp                                                                         0x002FF     34
recOp                                                                             0x00321     45
comDecode                                                                         0x0034E     92
ext_int4_isr                                                                      0x003AA      1
ext_int5_isr                                                                      0x003AB      1
ext_int6_isr                                                                      0x003AC      1
ext_int7_isr                                                                      0x003AD      1
usart0_rx_isr                                                                     0x003AE     50
getchar                                                                           0x003E0     32
usart0_tx_isr                                                                     0x00400     36
putchar                                                                           0x00424     41
timer3_ovf_isr                                                                    0x0044D    106
main                                                                              0x004B7    142
_lcd_write_nibble_G103                                                            0x00545     20
_lcd_write_data                                                                   0x00559     12
lcd_gotoxy                                                                        0x00565     17
lcd_clear                                                                         0x00576     14
lcd_putchar                                                                       0x00584     32
lcd_putsf                                                                         0x005A4     18
lcd_init                                                                          0x005B6     47
rtc_init                                                                          0x005E5     31
